Component: ARM Compiler 5.05 update 2 (build 169) Tool: armlink [4d0f33]

==============================================================================

Section Cross References

    system_stm32f4xx.o(i.SystemCoreClockUpdate) refers to system_stm32f4xx.o(.data) for SystemCoreClock
    system_stm32f4xx.o(i.SystemInit) refers to system_stm32f4xx.o(i.SetSysClock) for SetSysClock
    init.o(i.WarriorRobot_init) refers to misc.o(i.NVIC_PriorityGroupConfig) for NVIC_PriorityGroupConfig
    init.o(i.WarriorRobot_init) refers to stm32f4xx_rcc.o(i.RCC_AHB1PeriphClockCmd) for RCC_AHB1PeriphClockCmd
    init.o(i.WarriorRobot_init) refers to delay.o(i.delay_init) for delay_init
    init.o(i.WarriorRobot_init) refers to usart.o(i.uart_init) for uart_init
    init.o(i.WarriorRobot_init) refers to beep.o(i.BEEP_Init) for BEEP_Init
    init.o(i.WarriorRobot_init) refers to key.o(i.KEY_Init) for KEY_Init
    init.o(i.WarriorRobot_init) refers to lcd.o(i.InitLCD) for InitLCD
    init.o(i.WarriorRobot_init) refers to pwm.o(i.PWM_Init) for PWM_Init
    init.o(i.WarriorRobot_init) refers to timer.o(i.TIM2_Int_Init) for TIM2_Int_Init
    init.o(i.WarriorRobot_init) refers to timer.o(i.start_time) for start_time
    init.o(i.WarriorRobot_init) refers to timer.o(i.TIM5_Int_Init) for TIM5_Int_Init
    init.o(i.WarriorRobot_init) refers to timer.o(i.start_time_1) for start_time_1
    init.o(i.WarriorRobot_init) refers to myiic.o(i.IIC_Init) for IIC_Init
    init.o(i.WarriorRobot_init) refers to delay.o(i.delay_ms) for delay_ms
    init.o(i.WarriorRobot_init) refers to led.o(i.LED_Init) for LED_Init
    init.o(i.WarriorRobot_init) refers to sensor.o(i.SENSOR_Init) for SENSOR_Init
    beep.o(i.BEEP_Init) refers to stm32f4xx_gpio.o(i.GPIO_Init) for GPIO_Init
    beep.o(i.BEEP_Init) refers to stm32f4xx_gpio.o(i.GPIO_SetBits) for GPIO_SetBits
    beep.o(i.beep) refers to timer.o(i.beep_time) for beep_time
    beep.o(i.beepoff) refers to timer.o(i.beep_stop) for beep_stop
    key.o(i.KEY_Init) refers to stm32f4xx_gpio.o(i.GPIO_Init) for GPIO_Init
    key.o(i.KEY_Scan) refers to delay.o(i.delay_ms) for delay_ms
    key.o(i.KEY_Scan) refers to key.o(.data) for key_up
    lcd.o(i.GBZK_ROMOUTRESET) refers to stm32f4xx_gpio.o(i.GPIO_Init) for GPIO_Init
    lcd.o(i.GBZK_ROMOUTSET) refers to stm32f4xx_gpio.o(i.GPIO_Init) for GPIO_Init
    lcd.o(i.InitLCD) refers to lcd.o(i.delay) for delay
    lcd.o(i.InitLCD) refers to lcd.o(i.OLED_GPIO_Config) for OLED_GPIO_Config
    lcd.o(i.InitLCD) refers to stm32f4xx_gpio.o(i.GPIO_ResetBits) for GPIO_ResetBits
    lcd.o(i.InitLCD) refers to stm32f4xx_gpio.o(i.GPIO_SetBits) for GPIO_SetBits
    lcd.o(i.InitLCD) refers to lcd.o(i.transfer_command_lcd) for transfer_command_lcd
    lcd.o(i.InitLCD) refers to lcd.o(i.clear_screen) for clear_screen
    lcd.o(i.OLED_GPIO_Config) refers to stm32f4xx_gpio.o(i.GPIO_Init) for GPIO_Init
    lcd.o(i.clear_screen) refers to stm32f4xx_gpio.o(i.GPIO_ResetBits) for GPIO_ResetBits
    lcd.o(i.clear_screen) refers to stm32f4xx_gpio.o(i.GPIO_SetBits) for GPIO_SetBits
    lcd.o(i.clear_screen) refers to lcd.o(i.transfer_command_lcd) for transfer_command_lcd
    lcd.o(i.clear_screen) refers to lcd.o(i.transfer_data_lcd) for transfer_data_lcd
    lcd.o(i.display_128x64) refers to stm32f4xx_gpio.o(i.GPIO_ResetBits) for GPIO_ResetBits
    lcd.o(i.display_128x64) refers to lcd.o(i.lcd_address) for lcd_address
    lcd.o(i.display_128x64) refers to lcd.o(i.transfer_data_lcd) for transfer_data_lcd
    lcd.o(i.display_128x64) refers to stm32f4xx_gpio.o(i.GPIO_SetBits) for GPIO_SetBits
    lcd.o(i.display_GB2312_string) refers to lcd.o(i.get_n_bytes_data_from_ROM) for get_n_bytes_data_from_ROM
    lcd.o(i.display_GB2312_string) refers to lcd.o(i.display_graphic_16x16) for display_graphic_16x16
    lcd.o(i.display_GB2312_string) refers to lcd.o(i.display_graphic_8x16) for display_graphic_8x16
    lcd.o(i.display_GB2312_string) refers to lcd.o(.data) for fontaddr
    lcd.o(i.display_GB2312_u1) refers to lcd.o(i.display_GB2312_string) for display_GB2312_string
    lcd.o(i.display_GB2312_u16) refers to lcd.o(i.display_GB2312_string) for display_GB2312_string
    lcd.o(i.display_graphic_16x16) refers to stm32f4xx_gpio.o(i.GPIO_ResetBits) for GPIO_ResetBits
    lcd.o(i.display_graphic_16x16) refers to stm32f4xx_gpio.o(i.GPIO_SetBits) for GPIO_SetBits
    lcd.o(i.display_graphic_16x16) refers to lcd.o(i.lcd_address) for lcd_address
    lcd.o(i.display_graphic_16x16) refers to lcd.o(i.transfer_data_lcd) for transfer_data_lcd
    lcd.o(i.display_graphic_5x7) refers to stm32f4xx_gpio.o(i.GPIO_ResetBits) for GPIO_ResetBits
    lcd.o(i.display_graphic_5x7) refers to lcd.o(i.transfer_command_lcd) for transfer_command_lcd
    lcd.o(i.display_graphic_5x7) refers to lcd.o(i.transfer_data_lcd) for transfer_data_lcd
    lcd.o(i.display_graphic_5x7) refers to stm32f4xx_gpio.o(i.GPIO_SetBits) for GPIO_SetBits
[...]
    ..\FWLIB\src\stm32f4xx_tim.c             0x00000000   Number         0  stm32f4xx_tim.o ABSOLUTE
    ..\FWLIB\src\stm32f4xx_usart.c           0x00000000   Number         0  stm32f4xx_usart.o ABSOLUTE
    ..\HARDWARE\24CXX\24cxx.c                0x00000000   Number         0  24cxx.o ABSOLUTE
    ..\HARDWARE\BEEP\beep.c                  0x00000000   Number         0  beep.o ABSOLUTE
    ..\HARDWARE\COMPASS_NST\compass_nst.c    0x00000000   Number         0  compass_nst.o ABSOLUTE
    ..\HARDWARE\Camera\Camera.c              0x00000000   Number         0  camera.o ABSOLUTE
    ..\HARDWARE\IIC\myiic.c                  0x00000000   Number         0  myiic.o ABSOLUTE
    ..\HARDWARE\KEY\key.c                    0x00000000   Number         0  key.o ABSOLUTE
    ..\HARDWARE\LCD\lcd.c                    0x00000000   Number         0  lcd.o ABSOLUTE
    ..\HARDWARE\LED\led.c                    0x00000000   Number         0  led.o ABSOLUTE
    ..\HARDWARE\PWM\pwm.c                    0x00000000   Number         0  pwm.o ABSOLUTE
    ..\HARDWARE\SENSOR\sensor.c              0x00000000   Number         0  sensor.o ABSOLUTE
    ..\HARDWARE\SERVOR_BC\servor_bc.c        0x00000000   Number         0  servor_bc.o ABSOLUTE
    ..\HARDWARE\TIMER\timer.c                0x00000000   Number         0  timer.o ABSOLUTE
    ..\SYSTEM\delay\delay.c                  0x00000000   Number         0  delay.o ABSOLUTE
    ..\SYSTEM\sys\sys.c                      0x00000000   Number         0  sys.o ABSOLUTE
    ..\SYSTEM\usart\usart.c                  0x00000000   Number         0  usart.o ABSOLUTE
    ..\\FWLIB\\src\\misc.c                   0x00000000   Number         0  misc.o ABSOLUTE
    ..\\FWLIB\\src\\stm32f4xx_adc.c          0x00000000   Number         0  stm32f4xx_adc.o ABSOLUTE
    ..\\FWLIB\\src\\stm32f4xx_dma.c          0x00000000   Number         0  stm32f4xx_dma.o ABSOLUTE
    ..\\FWLIB\\src\\stm32f4xx_gpio.c         0x00000000   Number         0  stm32f4xx_gpio.o ABSOLUTE
    ..\\FWLIB\\src\\stm32f4xx_rcc.c          0x00000000   Number         0  stm32f4xx_rcc.o ABSOLUTE
    ..\\FWLIB\\src\\stm32f4xx_syscfg.c       0x00000000   Number         0  stm32f4xx_syscfg.o ABSOLUTE
    ..\\FWLIB\\src\\stm32f4xx_tim.c          0x00000000   Number         0  stm32f4xx_tim.o ABSOLUTE
    ..\\FWLIB\\src\\stm32f4xx_usart.c        0x00000000   Number         0  stm32f4xx_usart.o ABSOLUTE
    ..\\HARDWARE\\24CXX\\24cxx.c             0x00000000   Number         0  24cxx.o ABSOLUTE
    ..\\HARDWARE\\BEEP\\beep.c               0x00000000   Number         0  beep.o ABSOLUTE
    ..\\HARDWARE\\COMPASS_NST\\compass_nst.c 0x00000000   Number         0  compass_nst.o ABSOLUTE
    ..\\HARDWARE\\Camera\\Camera.c           0x00000000   Number         0  camera.o ABSOLUTE
    ..\\HARDWARE\\IIC\\myiic.c               0x00000000   Number         0  myiic.o ABSOLUTE
    ..\\HARDWARE\\KEY\\key.c                 0x00000000   Number         0  key.o ABSOLUTE
    ..\\HARDWARE\\LCD\\lcd.c                 0x00000000   Number         0  lcd.o ABSOLUTE
    ..\\HARDWARE\\LED\\led.c                 0x00000000   Number         0  led.o ABSOLUTE
    ..\\HARDWARE\\PWM\\pwm.c                 0x00000000   Number         0  pwm.o ABSOLUTE
    ..\\HARDWARE\\SENSOR\\sensor.c           0x00000000   Number         0  sensor.o ABSOLUTE
    ..\\HARDWARE\\SERVOR_BC\\servor_bc.c     0x00000000   Number         0  servor_bc.o ABSOLUTE
    ..\\HARDWARE\\TIMER\\timer.c             0x00000000   Number         0  timer.o ABSOLUTE
    ..\\SYSTEM\\delay\\delay.c               0x00000000   Number         0  delay.o ABSOLUTE
    ..\\SYSTEM\\sys\\sys.c                   0x00000000   Number         0  sys.o ABSOLUTE
    ..\\SYSTEM\\usart\\usart.c               0x00000000   Number         0  usart.o ABSOLUTE
    AD_Detection.c                           0x00000000   Number         0  ad_detection.o ABSOLUTE
    AD_Detection.c                           0x00000000   Number         0  ad_detection.o ABSOLUTE
    RobotInit.c                              0x00000000   Number         0  robotinit.o ABSOLUTE
    RobotInit.c                              0x00000000   Number         0  robotinit.o ABSOLUTE
    dc.s                                     0x00000000   Number         0  dc.o ABSOLUTE
    edge.c                                   0x00000000   Number         0  edge.o ABSOLUTE
    edge.c                                   0x00000000   Number         0  edge.o ABSOLUTE
    init.c                                   0x00000000   Number         0  init.o ABSOLUTE
    init.c                                   0x00000000   Number         0  init.o ABSOLUTE
    main.c                                   0x00000000   Number         0  main.o ABSOLUTE
    main.c                                   0x00000000   Number         0  main.o ABSOLUTE
    stm32f4xx_it.c                           0x00000000   Number         0  stm32f4xx_it.o ABSOLUTE
    stm32f4xx_it.c                           0x00000000   Number         0  stm32f4xx_it.o ABSOLUTE
    system_stm32f4xx.c                       0x00000000   Number         0  system_stm32f4xx.o ABSOLUTE
    system_stm32f4xx.c                       0x00000000   Number         0  system_stm32f4xx.o ABSOLUTE
    ysy.c                                    0x00000000   Number         0  ysy.o ABSOLUTE
    ysy.c                                    0x00000000   Number         0  ysy.o ABSOLUTE
    RESET                                    0x08000000   Section      392  startup_stm32f40_41xxx.o(RESET)
    !!!main                                  0x08000188   Section        8  __main.o(!!!main)
    !!!scatter                               0x08000190   Section       52  __scatter.o(!!!scatter)
    !!dczerorl2                              0x080001c4   Section       90  __dczerorl2.o(!!dczerorl2)
    !!handler_zi                             0x08000220   Section       28  __scatter_zi.o(!!handler_zi)
    .ARM.Collect$$libinit$$00000000          0x0800023c   Section        2  libinit.o(.ARM.Collect$$libinit$$00000000)
    .ARM.Collect$$libinit$$00000001          0x0800023e   Section        4  libinit2.o(.ARM.Collect$$libinit$$00000001)
    .ARM.Collect$$libinit$$00000004          0x08000242   Section        0  libinit2.o(.ARM.Collect$$libinit$$00000004)
    .ARM.Collect$$libinit$$0000000A          0x08000242   Section        0  libinit2.o(.ARM.Collect$$libinit$$0000000A)
    .ARM.Collect$$libinit$$0000000C          0x08000242   Section        0  libinit2.o(.ARM.Collect$$libinit$$0000000C)
    .ARM.Collect$$libinit$$0000000E          0x08000242   Section        0  libinit2.o(.ARM.Collect$$libinit$$0000000E)
    .ARM.Collect$$libinit$$00000011          0x08000242   Section        0  libinit2.o(.ARM.Collect$$libinit$$00000011)
    .ARM.Collect$$libinit$$00000013          0x08000242   Section        0  libinit2.o(.ARM.Collect$$libinit$$00000013)
    .ARM.Collect$$libinit$$00000015          0x08000242   Section        0  libinit2.o(.ARM.Collect$$libinit$$00000015)
    .ARM.Collect$$libinit$$00000017          0x08000242   Section        0  libinit2.o(.ARM.Collect$$libinit$$00000017)
    .ARM.Collect$$libinit$$00000019          0x08000242   Section        0  libinit2.o(.ARM.Collect$$libinit$$00000019)
    .ARM.Collect$$libinit$$0000001B          0x08000242   Section        0  libinit2.o(.ARM.Collect$$libinit$$0000001B)
    .ARM.Collect$$libinit$$0000001D          0x08000242   Section        0  libinit2.o(.ARM.Collect$$libinit$$0000001D)
    .ARM.Collect$$libinit$$0000001F          0x08000242   Section        0  libinit2.o(.ARM.Collect$$libinit$$0000001F)
    .ARM.Collect$$libinit$$00000021          0x08000242   Section        0  libinit2.o(.ARM.Collect$$libinit$$00000021)
    .ARM.Collect$$libinit$$00000023          0x08000242   Section        0  libinit2.o(.ARM.Collect$$libinit$$00000023)
    .ARM.Collect$$libinit$$00000025          0x08000242   Section        0  libinit2.o(.ARM.Collect$$libinit$$00000025)
    .ARM.Collect$$libinit$$0000002C          0x08000242   Section        0  libinit2.o(.ARM.Collect$$libinit$$0000002C)
    .ARM.Collect$$libinit$$0000002E          0x08000242   Section        0  libinit2.o(.ARM.Collect$$libinit$$0000002E)
    .ARM.Collect$$libinit$$00000030          0x08000242   Section        0  libinit2.o(.ARM.Collect$$libinit$$00000030)
    .ARM.Collect$$libinit$$00000032          0x08000242   Section        0  libinit2.o(.ARM.Collect$$libinit$$00000032)
    .ARM.Collect$$libinit$$00000033          0x08000242   Section        2  libinit2.o(.ARM.Collect$$libinit$$00000033)
    .ARM.Collect$$libshutdown$$00000000      0x08000244   Section        2  libshutdown.o(.ARM.Collect$$libshutdown$$00000000)
    .ARM.Collect$$libshutdown$$00000003      0x08000246   Section        0  libshutdown2.o(.ARM.Collect$$libshutdown$$00000003)
    .ARM.Collect$$libshutdown$$00000006      0x08000246   Section        0  libshutdown2.o(.ARM.Collect$$libshutdown$$00000006)
    .ARM.Collect$$libshutdown$$00000009      0x08000246   Section        0  libshutdown2.o(.ARM.Collect$$libshutdown$$00000009)
    .ARM.Collect$$libshutdown$$0000000B      0x08000246   Section        0  libshutdown2.o(.ARM.Collect$$libshutdown$$0000000B)
    .ARM.Collect$$libshutdown$$0000000E      0x08000246   Section        0  libshutdown2.o(.ARM.Collect$$libshutdown$$0000000E)
    .ARM.Collect$$libshutdown$$0000000F      0x08000246   Section        2  libshutdown2.o(.ARM.Collect$$libshutdown$$0000000F)
    .ARM.Collect$$rtentry$$00000000          0x08000248   Section        0  __rtentry.o(.ARM.Collect$$rtentry$$00000000)
    .ARM.Collect$$rtentry$$00000002          0x08000248   Section        0  __rtentry2.o(.ARM.Collect$$rtentry$$00000002)
    .ARM.Collect$$rtentry$$00000004          0x08000248   Section        6  __rtentry4.o(.ARM.Collect$$rtentry$$00000004)
    .ARM.Collect$$rtentry$$00000009          0x0800024e   Section        0  __rtentry2.o(.ARM.Collect$$rtentry$$00000009)
    .ARM.Collect$$rtentry$$0000000A          0x0800024e   Section        4  __rtentry2.o(.ARM.Collect$$rtentry$$0000000A)
    .ARM.Collect$$rtentry$$0000000C          0x08000252   Section        0  __rtentry2.o(.ARM.Collect$$rtentry$$0000000C)
    .ARM.Collect$$rtentry$$0000000D          0x08000252   Section        8  __rtentry2.o(.ARM.Collect$$rtentry$$0000000D)
    .ARM.Collect$$rtexit$$00000000           0x0800025a   Section        2  rtexit.o(.ARM.Collect$$rtexit$$00000000)
    .ARM.Collect$$rtexit$$00000002           0x0800025c   Section        0  rtexit2.o(.ARM.Collect$$rtexit$$00000002)
    .ARM.Collect$$rtexit$$00000003           0x0800025c   Section        4  rtexit2.o(.ARM.Collect$$rtexit$$00000003)
    .ARM.Collect$$rtexit$$00000004           0x08000260   Section        6  rtexit2.o(.ARM.Collect$$rtexit$$00000004)
    .text                                    0x08000268   Section       64  startup_stm32f40_41xxx.o(.text)
    $v0                                      0x08000268   Number         0  startup_stm32f40_41xxx.o(.text)
    .text                                    0x080002a8   Section        2  use_no_semi_2.o(.text)
    .text                                    0x080002aa   Section        0  heapauxi.o(.text)
    .text                                    0x080002b0   Section        2  use_no_semi.o(.text)
    .text                                    0x080002b2   Section       74  sys_stackheap_outer.o(.text)
    .text                                    0x080002fc   Section        0  exit.o(.text)
    .text                                    0x08000308   Section        8  libspace.o(.text)
    i.ADC_Cmd                                0x08000310   Section        0  stm32f4xx_adc.o(i.ADC_Cmd)
    i.ADC_CommonInit                         0x08000328   Section        0  stm32f4xx_adc.o(i.ADC_CommonInit)
    i.ADC_DMACmd                             0x08000358   Section        0  stm32f4xx_adc.o(i.ADC_DMACmd)
    i.ADC_DMARequestAfterLastTransferCmd     0x0800036e   Section        0  stm32f4xx_adc.o(i.ADC_DMARequestAfterLastTransferCmd)
    i.ADC_DeInit                             0x08000384   Section        0  stm32f4xx_adc.o(i.ADC_DeInit)
    i.ADC_Init                               0x0800039c   Section        0  stm32f4xx_adc.o(i.ADC_Init)
    i.ADC_RegularChannelConfig               0x080003f0   Section        0  stm32f4xx_adc.o(i.ADC_RegularChannelConfig)
    i.ADC_SoftwareStartConv                  0x080004a8   Section        0  stm32f4xx_adc.o(i.ADC_SoftwareStartConv)
    i.AD_Detection                           0x080004b4   Section        0  ad_detection.o(i.AD_Detection)
    i.BEEP_Init                              0x08000808   Section        0  beep.o(i.BEEP_Init)
    i.BusFault_Handler                       0x08000840   Section        0  stm32f4xx_it.o(i.BusFault_Handler)
    i.DMA_Cmd                                0x08000844   Section        0  stm32f4xx_dma.o(i.DMA_Cmd)
    i.DMA_DeInit                             0x0800085c   Section        0  stm32f4xx_dma.o(i.DMA_DeInit)
    i.DMA_Init                               0x080009b4   Section        0  stm32f4xx_dma.o(i.DMA_Init)
    i.DebugMon_Handler                       0x08000a0c   Section        0  stm32f4xx_it.o(i.DebugMon_Handler)
    i.Find_Taizi                             0x08000a10   Section        0  ysy.o(i.Find_Taizi)
    i.GBZK_ROMOUTRESET                       0x08000b30   Section        0  lcd.o(i.GBZK_ROMOUTRESET)
    i.GBZK_ROMOUTSET                         0x08000b5c   Section        0  lcd.o(i.GBZK_ROMOUTSET)
    i.GPIO_Init                              0x08000b88   Section        0  stm32f4xx_gpio.o(i.GPIO_Init)
    i.GPIO_PinAFConfig                       0x08000c18   Section        0  stm32f4xx_gpio.o(i.GPIO_PinAFConfig)
    i.GPIO_ReadInputDataBit                  0x08000c5e   Section        0  stm32f4xx_gpio.o(i.GPIO_ReadInputDataBit)
    i.GPIO_ResetBits                         0x08000c70   Section        0  stm32f4xx_gpio.o(i.GPIO_ResetBits)
    i.GPIO_SetBits                           0x08000c74   Section        0  stm32f4xx_gpio.o(i.GPIO_SetBits)
    i.GoodMoto                               0x08000c78   Section        0  pwm.o(i.GoodMoto)
    i.HardFault_Handler                      0x08000cb0   Section        0  stm32f4xx_it.o(i.HardFault_Handler)
    i.IIC_Ack                                0x08000cb4   Section        0  myiic.o(i.IIC_Ack)
    i.IIC_Init                               0x08000cec   Section        0  myiic.o(i.IIC_Init)
    i.IIC_NAck                               0x08000d1c   Section        0  myiic.o(i.IIC_NAck)
    i.IIC_Read_Byte                          0x08000d54   Section        0  myiic.o(i.IIC_Read_Byte)
    i.IIC_Send_Byte                          0x08000dac   Section        0  myiic.o(i.IIC_Send_Byte)
    i.IIC_Start                              0x08000dfc   Section        0  myiic.o(i.IIC_Start)
    i.IIC_Stop                               0x08000e34   Section        0  myiic.o(i.IIC_Stop)
    i.IIC_Wait_Ack                           0x08000e68   Section        0  myiic.o(i.IIC_Wait_Ack)
    i.InitLCD                                0x08000eb4   Section        0  lcd.o(i.InitLCD)
    i.KEY_Init                               0x08000f8c   Section        0  key.o(i.KEY_Init)
    i.KEY_Scan                               0x0800101c   Section        0  key.o(i.KEY_Scan)
    i.LED_Init                               0x080010b8   Section        0  led.o(i.LED_Init)
    i.MemManage_Handler                      0x08001124   Section        0  stm32f4xx_it.o(i.MemManage_Handler)
    i.NMI_Handler                            0x08001128   Section        0  stm32f4xx_it.o(i.NMI_Handler)
    i.NVIC_Init                              0x0800112c   Section        0  misc.o(i.NVIC_Init)
    i.NVIC_PriorityGroupConfig               0x080011a4   Section        0  misc.o(i.NVIC_PriorityGroupConfig)
    i.OLED_GPIO_Config                       0x080011b8   Section        0  lcd.o(i.OLED_GPIO_Config)
    i.PWM_Init                               0x080011e4   Section        0  pwm.o(i.PWM_Init)
    i.PendSV_Handler                         0x08001202   Section        0  stm32f4xx_it.o(i.PendSV_Handler)
    i.RCC_AHB1PeriphClockCmd                 0x08001204   Section        0  stm32f4xx_rcc.o(i.RCC_AHB1PeriphClockCmd)
    i.RCC_APB1PeriphClockCmd                 0x08001224   Section        0  stm32f4xx_rcc.o(i.RCC_APB1PeriphClockCmd)
    i.RCC_APB2PeriphClockCmd                 0x08001244   Section        0  stm32f4xx_rcc.o(i.RCC_APB2PeriphClockCmd)
    i.RCC_APB2PeriphResetCmd                 0x08001264   Section        0  stm32f4xx_rcc.o(i.RCC_APB2PeriphResetCmd)
    i.RCC_GetClocksFreq                      0x08001284   Section        0  stm32f4xx_rcc.o(i.RCC_GetClocksFreq)
    i.SDA_IN                                 0x0800136c   Section        0  myiic.o(i.SDA_IN)
    i.SDA_OUT                                0x0800139c   Section        0  myiic.o(i.SDA_OUT)
    i.SENSOR_Init                            0x080013cc   Section        0  sensor.o(i.SENSOR_Init)
    i.SVC_Handler                            0x08001690   Section        0  stm32f4xx_it.o(i.SVC_Handler)
    i.SetSysClock                            0x08001694   Section        0  system_stm32f4xx.o(i.SetSysClock)
    SetSysClock                              0x08001695   Thumb Code   220  system_stm32f4xx.o(i.SetSysClock)
    i.SysTick_CLKSourceConfig                0x08001780   Section        0  misc.o(i.SysTick_CLKSourceConfig)
    i.SysTick_Handler                        0x080017a8   Section        0  stm32f4xx_it.o(i.SysTick_Handler)
    i.SystemInit                             0x080017ac   Section        0  system_stm32f4xx.o(i.SystemInit)
    i.TIM2_IRQHandler                        0x08001814   Section        0  timer.o(i.TIM2_IRQHandler)
    i.TIM2_Int_Init                          0x08001888   Section        0  timer.o(i.TIM2_Int_Init)
    i.TIM3_PWM_Init                          0x080018dc   Section        0  pwm.o(i.TIM3_PWM_Init)
    i.TIM4_PWM_Init                          0x080019f8   Section        0  pwm.o(i.TIM4_PWM_Init)
    i.TIM5_IRQHandler                        0x08001b14   Section        0  timer.o(i.TIM5_IRQHandler)
    i.TIM5_Int_Init                          0x08001b58   Section        0  timer.o(i.TIM5_Int_Init)
    i.TIM_ARRPreloadConfig                   0x08001bac   Section        0  stm32f4xx_tim.o(i.TIM_ARRPreloadConfig)
    i.TIM_ClearITPendingBit                  0x08001bc4   Section        0  stm32f4xx_tim.o(i.TIM_ClearITPendingBit)
    i.TIM_Cmd                                0x08001bca   Section        0  stm32f4xx_tim.o(i.TIM_Cmd)
    i.TIM_GetITStatus                        0x08001be2   Section        0  stm32f4xx_tim.o(i.TIM_GetITStatus)
    i.TIM_ITConfig                           0x08001c04   Section        0  stm32f4xx_tim.o(i.TIM_ITConfig)
    i.TIM_OC1Init                            0x08001c18   Section        0  stm32f4xx_tim.o(i.TIM_OC1Init)
    i.TIM_OC1PreloadConfig                   0x08001c94   Section        0  stm32f4xx_tim.o(i.TIM_OC1PreloadConfig)
    i.TIM_OC2Init                            0x08001ca8   Section        0  stm32f4xx_tim.o(i.TIM_OC2Init)
    i.TIM_OC2PreloadConfig                   0x08001d4c   Section        0  stm32f4xx_tim.o(i.TIM_OC2PreloadConfig)
    i.TIM_OC3Init                            0x08001d68   Section        0  stm32f4xx_tim.o(i.TIM_OC3Init)
    i.TIM_OC3PreloadConfig                   0x08001e08   Section        0  stm32f4xx_tim.o(i.TIM_OC3PreloadConfig)
    i.TIM_OC4Init                            0x08001e1c   Section        0  stm32f4xx_tim.o(i.TIM_OC4Init)
    i.TIM_OC4PreloadConfig                   0x08001e94   Section        0  stm32f4xx_tim.o(i.TIM_OC4PreloadConfig)
    i.TIM_SetCompare1                        0x08001eae   Section        0  stm32f4xx_tim.o(i.TIM_SetCompare1)
    i.TIM_SetCompare2                        0x08001eb2   Section        0  stm32f4xx_tim.o(i.TIM_SetCompare2)
    i.TIM_SetCompare3                        0x08001eb6   Section        0  stm32f4xx_tim.o(i.TIM_SetCompare3)
    i.TIM_SetCompare4                        0x08001eba   Section        0  stm32f4xx_tim.o(i.TIM_SetCompare4)
    i.TIM_TimeBaseInit                       0x08001ec0   Section        0  stm32f4xx_tim.o(i.TIM_TimeBaseInit)
    i.USART3_IRQHandler                      0x08001f44   Section        0  usart.o(i.USART3_IRQHandler)
    i.USART_Cmd                              0x08001f46   Section        0  stm32f4xx_usart.o(i.USART_Cmd)
    i.USART_ITConfig                         0x08001f5e   Section        0  stm32f4xx_usart.o(i.USART_ITConfig)
    i.USART_Init                             0x08001fa8   Section        0  stm32f4xx_usart.o(i.USART_Init)
    i.UsageFault_Handler                     0x0800207c   Section        0  stm32f4xx_it.o(i.UsageFault_Handler)
    i.WarriorRobot_init                      0x08002080   Section        0  init.o(i.WarriorRobot_init)
    i._sys_exit                              0x08002104   Section        0  usart.o(i._sys_exit)
    i.analog                                 0x08002108   Section        0  sensor.o(i.analog)
    i.analog_scan_close                      0x0800217c   Section        0  ysy.o(i.analog_scan_close)
    i.back                                   0x080021b0   Section        0  edge.o(i.back)
    i.back_S90                               0x080021d4   Section        0  edge.o(i.back_S90)
    i.beep                                   0x080021f8   Section        0  beep.o(i.beep)
    i.beep_time                              0x08002200   Section        0  timer.o(i.beep_time)
    i.changeFunc                             0x08002218   Section        0  camera.o(i.changeFunc)
    i.clear_screen                           0x08002254   Section        0  lcd.o(i.clear_screen)
    i.currentFunc                            0x080022a8   Section        0  camera.o(i.currentFunc)
    i.delay                                  0x080022ba   Section        0  lcd.o(i.delay)
    i.delay_init                             0x080022d4   Section        0  delay.o(i.delay_init)
    i.delay_ms                               0x08002310   Section        0  delay.o(i.delay_ms)
    i.delay_us                               0x08002348   Section        0  delay.o(i.delay_us)
    i.delay_xms                              0x08002394   Section        0  delay.o(i.delay_xms)
    i.digital                                0x080023e0   Section        0  sensor.o(i.digital)
    i.display_GB2312_string                  0x080025d8   Section        0  lcd.o(i.display_GB2312_string)
    i.display_GB2312_u1                      0x08002750   Section        0  lcd.o(i.display_GB2312_u1)
    i.display_GB2312_u16                     0x0800277c   Section        0  lcd.o(i.display_GB2312_u16)
    i.display_graphic_16x16                  0x080027ec   Section        0  lcd.o(i.display_graphic_16x16)
    i.display_graphic_8x16                   0x08002848   Section        0  lcd.o(i.display_graphic_8x16)
    i.edge_spin                              0x0800289c   Section        0  edge.o(i.edge_spin)
    i.emagnet_off                            0x080028c0   Section        0  led.o(i.emagnet_off)
    i.emagnet_on                             0x080028cc   Section        0  led.o(i.emagnet_on)
    i.filter                                 0x080028d8   Section        0  sensor.o(i.filter)
    i.find_single                            0x08002964   Section        0  ysy.o(i.find_single)
    i.forward_stop                           0x08002cb8   Section        0  edge.o(i.forward_stop)
    i.get_data_from_ROM                      0x08002ce0   Section        0  lcd.o(i.get_data_from_ROM)
    get_data_from_ROM                        0x08002ce1   Thumb Code    92  lcd.o(i.get_data_from_ROM)
    i.get_edge                               0x08002d40   Section        0  edge.o(i.get_edge)
    i.get_n_bytes_data_from_ROM              0x08002ddc   Section        0  lcd.o(i.get_n_bytes_data_from_ROM)
    i.init_servos                            0x08002e40   Section        0  pwm.o(i.init_servos)
    i.lcd_address                            0x08002e64   Section        0  lcd.o(i.lcd_address)
    i.led_off                                0x08002e88   Section        0  led.o(i.led_off)
    i.led_on                                 0x08002e94   Section        0  led.o(i.led_on)
    i.main                                   0x08002ea0   Section        0  main.o(i.main)
    i.motor                                  0x08002fb4   Section        0  pwm.o(i.motor)
    i.mseconds                               0x08003088   Section        0  timer.o(i.mseconds)
    i.readByte                               0x08003094   Section        0  camera.o(i.readByte)
    i.readFromAddr                           0x080030dc   Section        0  camera.o(i.readFromAddr)
    i.reset_time                             0x0800310c   Section        0  timer.o(i.reset_time)
    i.select_high                            0x08003120   Section        0  ysy.o(i.select_high)
    i.send_command_to_ROM                    0x0800317c   Section        0  lcd.o(i.send_command_to_ROM)
    i.servos                                 0x080031c8   Section        0  pwm.o(i.servos)
    i.setLed                                 0x08003238   Section        0  camera.o(i.setLed)
    i.start_feedback                         0x0800324c   Section        0  ysy.o(i.start_feedback)
    i.start_time                             0x08003290   Section        0  timer.o(i.start_time)
    i.start_time_1                           0x080032b0   Section        0  timer.o(i.start_time_1)
    i.tagIdDetected                          0x080032d4   Section        0  camera.o(i.tagIdDetected)
    i.test                                   0x0800330c   Section        0  ysy.o(i.test)
    i.touch_sensor                           0x080034bc   Section        0  ysy.o(i.touch_sensor)
    i.transfer_command_lcd                   0x080034fc   Section        0  lcd.o(i.transfer_command_lcd)
    i.transfer_data_lcd                      0x08003560   Section        0  lcd.o(i.transfer_data_lcd)
    i.uart_init                              0x080035c4   Section        0  usart.o(i.uart_init)
    i.up_stage                               0x080036e4   Section        0  ysy.o(i.up_stage)
    i.updateResult                           0x08003768   Section        0  camera.o(i.updateResult)
    i.writeToAddr                            0x08003818   Section        0  camera.o(i.writeToAddr)
    x$fpl$dadd                               0x08003864   Section      336  daddsub_clz.o(x$fpl$dadd)
    $v0                                      0x08003864   Number         0  daddsub_clz.o(x$fpl$dadd)
    _dadd1                                   0x08003875   Thumb Code     0  daddsub_clz.o(x$fpl$dadd)
    x$fpl$dfixu                              0x080039b4   Section       90  dfixu.o(x$fpl$dfixu)
    $v0                                      0x080039b4   Number         0  dfixu.o(x$fpl$dfixu)
    x$fpl$dfltu                              0x08003a0e   Section       38  dflt_clz.o(x$fpl$dfltu)
    $v0                                      0x08003a0e   Number         0  dflt_clz.o(x$fpl$dfltu)
    x$fpl$dmul                               0x08003a34   Section      340  dmul.o(x$fpl$dmul)
    $v0                                      0x08003a34   Number         0  dmul.o(x$fpl$dmul)
    x$fpl$dnaninf                            0x08003b88   Section      156  dnaninf.o(x$fpl$dnaninf)
    $v0                                      0x08003b88   Number         0  dnaninf.o(x$fpl$dnaninf)
    x$fpl$dretinf                            0x08003c24   Section       12  dretinf.o(x$fpl$dretinf)
    $v0                                      0x08003c24   Number         0  dretinf.o(x$fpl$dretinf)
    x$fpl$dsub                               0x08003c30   Section      468  daddsub_clz.o(x$fpl$dsub)
    $v0                                      0x08003c30   Number         0  daddsub_clz.o(x$fpl$dsub)
    _dsub1                                   0x08003c41   Thumb Code     0  daddsub_clz.o(x$fpl$dsub)
    x$fpl$fpinit                             0x08003e04   Section       10  fpinit.o(x$fpl$fpinit)
    $v0                                      0x08003e04   Number         0  fpinit.o(x$fpl$fpinit)
    x$fpl$usenofp                            0x08003e0e   Section        0  usenofp.o(x$fpl$usenofp)
    .data                                    0x20000000   Section        1  key.o(.data)
    key_up                                   0x20000000   Data           1  key.o(.data)
    .data                                    0x20000004   Section     1524  lcd.o(.data)
    ascii_table_8x16                         0x20000004   Data        1520  lcd.o(.data)
    .data                                    0x200005f8   Section       12  timer.o(.data)
    .data                                    0x20000604   Section        8  pwm.o(.data)
    .data                                    0x2000060c   Section       12  main.o(.data)
    .data                                    0x20000618   Section        1  camera.o(.data)
    .data                                    0x2000061a   Section        4  delay.o(.data)
    fac_us                                   0x2000061a   Data           1  delay.o(.data)
    fac_ms                                   0x2000061c   Data           2  delay.o(.data)
    .data                                    0x2000061e   Section       16  stm32f4xx_rcc.o(.data)
    APBAHBPrescTable                         0x2000061e   Data          16  stm32f4xx_rcc.o(.data)
    .bss                                     0x20000630   Section       96  sensor.o(.bss)
    .bss                                     0x20000690   Section      128  camera.o(.bss)
    .bss                                     0x20000710   Section       96  libspace.o(.bss)
    HEAP                                     0x20000770   Section      512  startup_stm32f40_41xxx.o(HEAP)
    Heap_Mem                                 0x20000770   Data         512  startup_stm32f40_41xxx.o(HEAP)
    STACK                                    0x20000970   Section     1024  startup_stm32f40_41xxx.o(STACK)
    Stack_Mem                                0x20000970   Data        1024  startup_stm32f40_41xxx.o(STACK)
    __initial_sp                             0x20000d70   Data           0  startup_stm32f40_41xxx.o(STACK)

    Global Symbols

    Symbol Name                              Value     Ov Type        Size  Object(Section)

    BuildAttributes$$THM_ISAv4$E$P$D$K$B$S$7EM$VFPi3$EXTD16$VFPS$VFMA$PE$A:L22UL41UL21$X:L11$S22US41US21$IEEE1$IW$USESV6$~STKCKD$USESV7$~SHL$OSPACE$ROPI$EBA8$UX$STANDARDLIB$REQ8$PRES8$EABIv2 0x00000000   Number         0  anon$$obj.o ABSOLUTE
    __ARM_use_no_argv                        0x00000000   Number         0  main.o ABSOLUTE
    __ARM_exceptions_init                     - Undefined Weak Reference
    __alloca_initialize                       - Undefined Weak Reference
    __arm_preinit_                            - Undefined Weak Reference
    __cpp_initialize__aeabi_                  - Undefined Weak Reference
    __cxa_finalize                            - Undefined Weak Reference
    __rt_locale                               - Undefined Weak Reference
    __sigvec_lookup                           - Undefined Weak Reference
    _atexit_init                              - Undefined Weak Reference
    _call_atexit_fns                          - Undefined Weak Reference
    _clock_init                               - Undefined Weak Reference
    _fp_trap_init                             - Undefined Weak Reference
    _fp_trap_shutdown                         - Undefined Weak Reference
    _get_lc_collate                           - Undefined Weak Reference
    _get_lc_ctype                             - Undefined Weak Reference
    _get_lc_monetary                          - Undefined Weak Reference
    _get_lc_numeric                           - Undefined Weak Reference
    _get_lc_time                              - Undefined Weak Reference
    _getenv_init                              - Undefined Weak Reference
    _handle_redirection                       - Undefined Weak Reference
    _init_alloc                               - Undefined Weak Reference
    _init_user_alloc                          - Undefined Weak Reference
    _initio                                   - Undefined Weak Reference
    _rand_init                                - Undefined Weak Reference
    _signal_finish                            - Undefined Weak Reference
    _signal_init                              - Undefined Weak Reference
    _terminate_alloc                          - Undefined Weak Reference
    _terminate_user_alloc                     - Undefined Weak Reference
    _terminateio                              - Undefined Weak Reference
    __Vectors_Size                           0x00000188   Number         0  startup_stm32f40_41xxx.o ABSOLUTE
    __Vectors                                0x08000000   Data           4  startup_stm32f40_41xxx.o(RESET)
    __Vectors_End                            0x08000188   Data           0  startup_stm32f40_41xxx.o(RESET)
    __main                                   0x08000189   Thumb Code     8  __main.o(!!!main)
    __scatterload                            0x08000191   Thumb Code     0  __scatter.o(!!!scatter)
    __scatterload_rt2                        0x08000191   Thumb Code    44  __scatter.o(!!!scatter)
    __scatterload_rt2_thumb_only             0x08000191   Thumb Code     0  __scatter.o(!!!scatter)
    __scatterload_null                       0x0800019f   Thumb Code     0  __scatter.o(!!!scatter)
    __decompress                             0x080001c5   Thumb Code    90  __dczerorl2.o(!!dczerorl2)
    __decompress1                            0x080001c5   Thumb Code     0  __dczerorl2.o(!!dczerorl2)
    __scatterload_zeroinit                   0x08000221   Thumb Code    28  __scatter_zi.o(!!handler_zi)
    __rt_lib_init                            0x0800023d   Thumb Code     0  libinit.o(.ARM.Collect$$libinit$$00000000)
    __rt_lib_init_fp_1                       0x0800023f   Thumb Code     0  libinit2.o(.ARM.Collect$$libinit$$00000001)
    __rt_lib_init_alloca_1                   0x08000243   Thumb Code     0  libinit2.o(.ARM.Collect$$libinit$$0000002E)
    __rt_lib_init_argv_1                     0x08000243   Thumb Code     0  libinit2.o(.ARM.Collect$$libinit$$0000002C)
    __rt_lib_init_atexit_1                   0x08000243   Thumb Code     0  libinit2.o(.ARM.Collect$$libinit$$0000001B)
    __rt_lib_init_clock_1                    0x08000243   Thumb Code     0  libinit2.o(.ARM.Collect$$libinit$$00000021)
    __rt_lib_init_cpp_1                      0x08000243   Thumb Code     0  libinit2.o(.ARM.Collect$$libinit$$00000032)
    __rt_lib_init_exceptions_1               0x08000243   Thumb Code     0  libinit2.o(.ARM.Collect$$libinit$$00000030)
    __rt_lib_init_fp_trap_1                  0x08000243   Thumb Code     0  libinit2.o(.ARM.Collect$$libinit$$0000001F)
    __rt_lib_init_getenv_1                   0x08000243   Thumb Code     0  libinit2.o(.ARM.Collect$$libinit$$00000023)
    __rt_lib_init_heap_1                     0x08000243   Thumb Code     0  libinit2.o(.ARM.Collect$$libinit$$0000000A)
    __rt_lib_init_lc_collate_1               0x08000243   Thumb Code     0  libinit2.o(.ARM.Collect$$libinit$$00000011)
    __rt_lib_init_lc_ctype_1                 0x08000243   Thumb Code     0  libinit2.o(.ARM.Collect$$libinit$$00000013)
    __rt_lib_init_lc_monetary_1              0x08000243   Thumb Code     0  libinit2.o(.ARM.Collect$$libinit$$00000015)
    __rt_lib_init_lc_numeric_1               0x08000243   Thumb Code     0  libinit2.o(.ARM.Collect$$libinit$$00000017)
    __rt_lib_init_lc_time_1                  0x08000243   Thumb Code     0  libinit2.o(.ARM.Collect$$libinit$$00000019)
    __rt_lib_init_preinit_1                  0x08000243   Thumb Code     0  libinit2.o(.ARM.Collect$$libinit$$00000004)
    __rt_lib_init_rand_1                     0x08000243   Thumb Code     0  libinit2.o(.ARM.Collect$$libinit$$0000000E)
    __rt_lib_init_return                     0x08000243   Thumb Code     0  libinit2.o(.ARM.Collect$$libinit$$00000033)
    __rt_lib_init_signal_1                   0x08000243   Thumb Code     0  libinit2.o(.ARM.Collect$$libinit$$0000001D)
    __rt_lib_init_stdio_1                    0x08000243   Thumb Code     0  libinit2.o(.ARM.Collect$$libinit$$00000025)
    __rt_lib_init_user_alloc_1               0x08000243   Thumb Code     0  libinit2.o(.ARM.Collect$$libinit$$0000000C)
    __rt_lib_shutdown                        0x08000245   Thumb Code     0  libshutdown.o(.ARM.Collect$$libshutdown$$00000000)
    __rt_lib_shutdown_fp_trap_1              0x08000247   Thumb Code     0  libshutdown2.o(.ARM.Collect$$libshutdown$$00000006)
    __rt_lib_shutdown_heap_1                 0x08000247   Thumb Code     0  libshutdown2.o(.ARM.Collect$$libshutdown$$0000000E)
    __rt_lib_shutdown_return                 0x08000247   Thumb Code     0  libshutdown2.o(.ARM.Collect$$libshutdown$$0000000F)
    __rt_lib_shutdown_signal_1               0x08000247   Thumb Code     0  libshutdown2.o(.ARM.Collect$$libshutdown$$00000009)
    __rt_lib_shutdown_stdio_1                0x08000247   Thumb Code     0  libshutdown2.o(.ARM.Collect$$libshutdown$$00000003)
    __rt_lib_shutdown_user_alloc_1           0x08000247   Thumb Code     0  libshutdown2.o(.ARM.Collect$$libshutdown$$0000000B)
    __rt_entry                               0x08000249   Thumb Code     0  __rtentry.o(.ARM.Collect$$rtentry$$00000000)
    __rt_entry_presh_1                       0x08000249   Thumb Code     0  __rtentry2.o(.ARM.Collect$$rtentry$$00000002)
    __rt_entry_sh                            0x08000249   Thumb Code     0  __rtentry4.o(.ARM.Collect$$rtentry$$00000004)
    __rt_entry_li                            0x0800024f   Thumb Code     0  __rtentry2.o(.ARM.Collect$$rtentry$$0000000A)
    __rt_entry_postsh_1                      0x0800024f   Thumb Code     0  __rtentry2.o(.ARM.Collect$$rtentry$$00000009)
    __rt_entry_main                          0x08000253   Thumb Code     0  __rtentry2.o(.ARM.Collect$$rtentry$$0000000D)
    __rt_entry_postli_1                      0x08000253   Thumb Code     0  __rtentry2.o(.ARM.Collect$$rtentry$$0000000C)
    __rt_exit                                0x0800025b   Thumb Code     0  rtexit.o(.ARM.Collect$$rtexit$$00000000)
    __rt_exit_ls                             0x0800025d   Thumb Code     0  rtexit2.o(.ARM.Collect$$rtexit$$00000003)
    __rt_exit_prels_1                        0x0800025d   Thumb Code     0  rtexit2.o(.ARM.Collect$$rtexit$$00000002)
    __rt_exit_exit                           0x08000261   Thumb Code     0  rtexit2.o(.ARM.Collect$$rtexit$$00000004)
    Reset_Handler                            0x08000269   Thumb Code     8  startup_stm32f40_41xxx.o(.text)
    ADC_IRQHandler                           0x08000283   Thumb Code     0  startup_stm32f40_41xxx.o(.text)
    CAN1_RX0_IRQHandler                      0x08000283   Thumb Code     0  startup_stm32f40_41xxx.o(.text)
    CAN1_RX1_IRQHandler                      0x08000283   Thumb Code     0  startup_stm32f40_41xxx.o(.text)
    CAN1_SCE_IRQHandler                      0x08000283   Thumb Code     0  startup_stm32f40_41xxx.o(.text)
    CAN1_TX_IRQHandler                       0x08000283   Thumb Code     0  startup_stm32f40_41xxx.o(.text)
    CAN2_RX0_IRQHandler                      0x08000283   Thumb Code     0  startup_stm32f40_41xxx.o(.text)
    CAN2_RX1_IRQHandler                      0x08000283   Thumb Code     0  startup_stm32f40_41xxx.o(.text)
    CAN2_SCE_IRQHandler                      0x08000283   Thumb Code     0  startup_stm32f40_41xxx.o(.text)
    CAN2_TX_IRQHandler                       0x08000283   Thumb Code     0  startup_stm32f40_41xxx.o(.text)
    CRYP_IRQHandler                          0x08000283   Thumb Code     0  startup_stm32f40_41xxx.o(.text)
    DCMI_IRQHandler                          0x08000283   Thumb Code     0  startup_stm32f40_41xxx.o(.text)
    DMA1_Stream0_IRQHandler                  0x08000283   Thumb Code     0  startup_stm32f40_41xxx.o(.text)
    DMA1_Stream1_IRQHandler                  0x08000283   Thumb Code     0  startup_stm32f40_41xxx.o(.text)
    DMA1_Stream2_IRQHandler                  0x08000283   Thumb Code     0  startup_stm32f40_41xxx.o(.text)
    DMA1_Stream3_IRQHandler                  0x08000283   Thumb Code     0  startup_stm32f40_41xxx.o(.text)
    DMA1_Stream4_IRQHandler                  0x08000283   Thumb Code     0  startup_stm32f40_41xxx.o(.text)
    DMA1_Stream5_IRQHandler                  0x08000283   Thumb Code     0  startup_stm32f40_41xxx.o(.text)
    DMA1_Stream6_IRQHandler                  0x08000283   Thumb Code     0  startup_stm32f40_41xxx.o(.text)
    DMA1_Stream7_IRQHandler                  0x08000283   Thumb Code     0  startup_stm32f40_41xxx.o(.text)
    DMA2_Stream0_IRQHandler                  0x08000283   Thumb Code     0  startup_stm32f40_41xxx.o(.text)
    DMA2_Stream1_IRQHandler                  0x08000283   Thumb Code     0  startup_stm32f40_41xxx.o(.text)
    DMA2_Stream2_IRQHandler                  0x08000283   Thumb Code     0  startup_stm32f40_41xxx.o(.text)
    DMA2_Stream3_IRQHandler                  0x08000283   Thumb Code     0  startup_stm32f40_41xxx.o(.text)
    DMA2_Stream4_IRQHandler                  0x08000283   Thumb Code     0  startup_stm32f40_41xxx.o(.text)
    DMA2_Stream5_IRQHandler                  0x08000283   Thumb Code     0  startup_stm32f40_41xxx.o(.text)
    DMA2_Stream6_IRQHandler                  0x08000283   Thumb Code     0  startup_stm32f40_41xxx.o(.text)
    DMA2_Stream7_IRQHandler                  0x08000283   Thumb Code     0  startup_stm32f40_41xxx.o(.text)
    ETH_IRQHandler                           0x08000283   Thumb Code     0  startup_stm32f40_41xxx.o(.text)
    ETH_WKUP_IRQHandler                      0x08000283   Thumb Code     0  startup_stm32f40_41xxx.o(.text)
    EXTI0_IRQHandler                         0x08000283   Thumb Code     0  startup_stm32f40_41xxx.o(.text)
    EXTI15_10_IRQHandler                     0x08000283   Thumb Code     0  startup_stm32f40_41xxx.o(.text)
    EXTI1_IRQHandler                         0x08000283   Thumb Code     0  startup_stm32f40_41xxx.o(.text)
    EXTI2_IRQHandler                         0x08000283   Thumb Code     0  startup_stm32f40_41xxx.o(.text)
    EXTI3_IRQHandler                         0x08000283   Thumb Code     0  startup_stm32f40_41xxx.o(.text)
    EXTI4_IRQHandler                         0x08000283   Thumb Code     0  startup_stm32f40_41xxx.o(.text)
    EXTI9_5_IRQHandler                       0x08000283   Thumb Code     0  startup_stm32f40_41xxx.o(.text)
    FLASH_IRQHandler                         0x08000283   Thumb Code     0  startup_stm32f40_41xxx.o(.text)
    FPU_IRQHandler                           0x08000283   Thumb Code     0  startup_stm32f40_41xxx.o(.text)
    FSMC_IRQHandler                          0x08000283   Thumb Code     0  startup_stm32f40_41xxx.o(.text)
    HASH_RNG_IRQHandler                      0x08000283   Thumb Code     0  startup_stm32f40_41xxx.o(.text)
    I2C1_ER_IRQHandler                       0x08000283   Thumb Code     0  startup_stm32f40_41xxx.o(.text)
    I2C1_EV_IRQHandler                       0x08000283   Thumb Code     0  startup_stm32f40_41xxx.o(.text)
    I2C2_ER_IRQHandler                       0x08000283   Thumb Code     0  startup_stm32f40_41xxx.o(.text)
    I2C2_EV_IRQHandler                       0x08000283   Thumb Code     0  startup_stm32f40_41xxx.o(.text)
    I2C3_ER_IRQHandler                       0x08000283   Thumb Code     0  startup_stm32f40_41xxx.o(.text)
    I2C3_EV_IRQHandler                       0x08000283   Thumb Code     0  startup_stm32f40_41xxx.o(.text)
    OTG_FS_IRQHandler                        0x08000283   Thumb Code     0  startup_stm32f40_41xxx.o(.text)
    OTG_FS_WKUP_IRQHandler                   0x08000283   Thumb Code     0  startup_stm32f40_41xxx.o(.text)
    OTG_HS_EP1_IN_IRQHandler                 0x08000283   Thumb Code     0  startup_stm32f40_41xxx.o(.text)
    OTG_HS_EP1_OUT_IRQHandler                0x08000283   Thumb Code     0  startup_stm32f40_41xxx.o(.text)
    OTG_HS_IRQHandler                        0x08000283   Thumb Code     0  startup_stm32f40_41xxx.o(.text)
    OTG_HS_WKUP_IRQHandler                   0x08000283   Thumb Code     0  startup_stm32f40_41xxx.o(.text)
    PVD_IRQHandler                           0x08000283   Thumb Code     0  startup_stm32f40_41xxx.o(.text)
    RCC_IRQHandler                           0x08000283   Thumb Code     0  startup_stm32f40_41xxx.o(.text)
    RTC_Alarm_IRQHandler                     0x08000283   Thumb Code     0  startup_stm32f40_41xxx.o(.text)
    RTC_WKUP_IRQHandler                      0x08000283   Thumb Code     0  startup_stm32f40_41xxx.o(.text)
    SDIO_IRQHandler                          0x08000283   Thumb Code     0  startup_stm32f40_41xxx.o(.text)
    SPI1_IRQHandler                          0x08000283   Thumb Code     0  startup_stm32f40_41xxx.o(.text)
    SPI2_IRQHandler                          0x08000283   Thumb Code     0  startup_stm32f40_41xxx.o(.text)
    SPI3_IRQHandler                          0x08000283   Thumb Code     0  startup_stm32f40_41xxx.o(.text)
    TAMP_STAMP_IRQHandler                    0x08000283   Thumb Code     0  startup_stm32f40_41xxx.o(.text)
    TIM1_BRK_TIM9_IRQHandler                 0x08000283   Thumb Code     0  startup_stm32f40_41xxx.o(.text)
    TIM1_CC_IRQHandler                       0x08000283   Thumb Code     0  startup_stm32f40_41xxx.o(.text)
    TIM1_TRG_COM_TIM11_IRQHandler            0x08000283   Thumb Code     0  startup_stm32f40_41xxx.o(.text)
    TIM1_UP_TIM10_IRQHandler                 0x08000283   Thumb Code     0  startup_stm32f40_41xxx.o(.text)
    TIM3_IRQHandler                          0x08000283   Thumb Code     0  startup_stm32f40_41xxx.o(.text)
    TIM4_IRQHandler                          0x08000283   Thumb Code     0  startup_stm32f40_41xxx.o(.text)
    TIM6_DAC_IRQHandler                      0x08000283   Thumb Code     0  startup_stm32f40_41xxx.o(.text)
    TIM7_IRQHandler                          0x08000283   Thumb Code     0  startup_stm32f40_41xxx.o(.text)
    TIM8_BRK_TIM12_IRQHandler                0x08000283   Thumb Code     0  startup_stm32f40_41xxx.o(.text)
    TIM8_CC_IRQHandler                       0x08000283   Thumb Code     0  startup_stm32f40_41xxx.o(.text)
    TIM8_TRG_COM_TIM14_IRQHandler            0x08000283   Thumb Code     0  startup_stm32f40_41xxx.o(.text)
    TIM8_UP_TIM13_IRQHandler                 0x08000283   Thumb Code     0  startup_stm32f40_41xxx.o(.text)
    UART4_IRQHandler                         0x08000283   Thumb Code     0  startup_stm32f40_41xxx.o(.text)
    UART5_IRQHandler                         0x08000283   Thumb Code     0  startup_stm32f40_41xxx.o(.text)
    USART1_IRQHandler                        0x08000283   Thumb Code     0  startup_stm32f40_41xxx.o(.text)
    USART2_IRQHandler                        0x08000283   Thumb Code     0  startup_stm32f40_41xxx.o(.text)
    USART6_IRQHandler                        0x08000283   Thumb Code     0  startup_stm32f40_41xxx.o(.text)
    WWDG_IRQHandler                          0x08000283   Thumb Code     0  startup_stm32f40_41xxx.o(.text)
    __user_initial_stackheap                 0x08000285   Thumb Code     0  startup_stm32f40_41xxx.o(.text)
    __use_no_semihosting                     0x080002a9   Thumb Code     2  use_no_semi_2.o(.text)
    __use_two_region_memory                  0x080002ab   Thumb Code     2  heapauxi.o(.text)
    __rt_heap_escrow$2region                 0x080002ad   Thumb Code     2  heapauxi.o(.text)
    __rt_heap_expand$2region                 0x080002af   Thumb Code     2  heapauxi.o(.text)
    __I$use$semihosting                      0x080002b1   Thumb Code     0  use_no_semi.o(.text)
    __use_no_semihosting_swi                 0x080002b1   Thumb Code     2  use_no_semi.o(.text)
    __user_setup_stackheap                   0x080002b3   Thumb Code    74  sys_stackheap_outer.o(.text)
    exit                                     0x080002fd   Thumb Code    12  exit.o(.text)
    __user_libspace                          0x08000309   Thumb Code     8  libspace.o(.text)
    __user_perproc_libspace                  0x08000309   Thumb Code     0  libspace.o(.text)
    __user_perthread_libspace                0x08000309   Thumb Code     0  libspace.o(.text)
    ADC_Cmd                                  0x08000311   Thumb Code    22  stm32f4xx_adc.o(i.ADC_Cmd)
    ADC_CommonInit                           0x08000329   Thumb Code    34  stm32f4xx_adc.o(i.ADC_CommonInit)
    ADC_DMACmd                               0x08000359   Thumb Code    22  stm32f4xx_adc.o(i.ADC_DMACmd)
    ADC_DMARequestAfterLastTransferCmd       0x0800036f   Thumb Code    22  stm32f4xx_adc.o(i.ADC_DMARequestAfterLastTransferCmd)
    ADC_DeInit                               0x08000385   Thumb Code    22  stm32f4xx_adc.o(i.ADC_DeInit)
    ADC_Init                                 0x0800039d   Thumb Code    74  stm32f4xx_adc.o(i.ADC_Init)
    ADC_RegularChannelConfig                 0x080003f1   Thumb Code   184  stm32f4xx_adc.o(i.ADC_RegularChannelConfig)
    ADC_SoftwareStartConv                    0x080004a9   Thumb Code    10  stm32f4xx_adc.o(i.ADC_SoftwareStartConv)
    AD_Detection                             0x080004b5   Thumb Code   738  ad_detection.o(i.AD_Detection)
    BEEP_Init                                0x08000809   Thumb Code    52  beep.o(i.BEEP_Init)
    BusFault_Handler                         0x08000841   Thumb Code     4  stm32f4xx_it.o(i.BusFault_Handler)
    DMA_Cmd                                  0x08000845   Thumb Code    22  stm32f4xx_dma.o(i.DMA_Cmd)
    DMA_DeInit                               0x0800085d   Thumb Code   324  stm32f4xx_dma.o(i.DMA_DeInit)
    DMA_Init                                 0x080009b5   Thumb Code    82  stm32f4xx_dma.o(i.DMA_Init)
    DebugMon_Handler                         0x08000a0d   Thumb Code     2  stm32f4xx_it.o(i.DebugMon_Handler)
    Find_Taizi                               0x08000a11   Thumb Code   282  ysy.o(i.Find_Taizi)
    GBZK_ROMOUTRESET                         0x08000b31   Thumb Code    38  lcd.o(i.GBZK_ROMOUTRESET)
    GBZK_ROMOUTSET                           0x08000b5d   Thumb Code    40  lcd.o(i.GBZK_ROMOUTSET)
    GPIO_Init                                0x08000b89   Thumb Code   144  stm32f4xx_gpio.o(i.GPIO_Init)
    GPIO_PinAFConfig                         0x08000c19   Thumb Code    70  stm32f4xx_gpio.o(i.GPIO_PinAFConfig)
    GPIO_ReadInputDataBit                    0x08000c5f   Thumb Code    18  stm32f4xx_gpio.o(i.GPIO_ReadInputDataBit)
    GPIO_ResetBits                           0x08000c71   Thumb Code     4  stm32f4xx_gpio.o(i.GPIO_ResetBits)
    GPIO_SetBits                             0x08000c75   Thumb Code     4  stm32f4xx_gpio.o(i.GPIO_SetBits)
    GoodMoto                                 0x08000c79   Thumb Code    48  pwm.o(i.GoodMoto)
    HardFault_Handler                        0x08000cb1   Thumb Code     4  stm32f4xx_it.o(i.HardFault_Handler)
    IIC_Ack                                  0x08000cb5   Thumb Code    48  myiic.o(i.IIC_Ack)
    IIC_Init                                 0x08000ced   Thumb Code    42  myiic.o(i.IIC_Init)
    IIC_NAck                                 0x08000d1d   Thumb Code    48  myiic.o(i.IIC_NAck)
    IIC_Read_Byte                            0x08000d55   Thumb Code    80  myiic.o(i.IIC_Read_Byte)
    IIC_Send_Byte                            0x08000dad   Thumb Code    72  myiic.o(i.IIC_Send_Byte)
    IIC_Start                                0x08000dfd   Thumb Code    46  myiic.o(i.IIC_Start)
    IIC_Stop                                 0x08000e35   Thumb Code    44  myiic.o(i.IIC_Stop)
    IIC_Wait_Ack                             0x08000e69   Thumb Code    68  myiic.o(i.IIC_Wait_Ack)
    InitLCD                                  0x08000eb5   Thumb Code   212  lcd.o(i.InitLCD)
    KEY_Init                                 0x08000f8d   Thumb Code   128  key.o(i.KEY_Init)
    KEY_Scan                                 0x0800101d   Thumb Code   134  key.o(i.KEY_Scan)
    LED_Init                                 0x080010b9   Thumb Code   100  led.o(i.LED_Init)
    MemManage_Handler                        0x08001125   Thumb Code     4  stm32f4xx_it.o(i.MemManage_Handler)
    NMI_Handler                              0x08001129   Thumb Code     2  stm32f4xx_it.o(i.NMI_Handler)
    NVIC_Init                                0x0800112d   Thumb Code   106  misc.o(i.NVIC_Init)
    NVIC_PriorityGroupConfig                 0x080011a5   Thumb Code    10  misc.o(i.NVIC_PriorityGroupConfig)
    OLED_GPIO_Config                         0x080011b9   Thumb Code    40  lcd.o(i.OLED_GPIO_Config)
    PWM_Init                                 0x080011e5   Thumb Code    30  pwm.o(i.PWM_Init)
    PendSV_Handler                           0x08001203   Thumb Code     2  stm32f4xx_it.o(i.PendSV_Handler)
    RCC_AHB1PeriphClockCmd                   0x08001205   Thumb Code    26  stm32f4xx_rcc.o(i.RCC_AHB1PeriphClockCmd)
    RCC_APB1PeriphClockCmd                   0x08001225   Thumb Code    26  stm32f4xx_rcc.o(i.RCC_APB1PeriphClockCmd)
    RCC_APB2PeriphClockCmd                   0x08001245   Thumb Code    26  stm32f4xx_rcc.o(i.RCC_APB2PeriphClockCmd)
    RCC_APB2PeriphResetCmd                   0x08001265   Thumb Code    26  stm32f4xx_rcc.o(i.RCC_APB2PeriphResetCmd)
    RCC_GetClocksFreq                        0x08001285   Thumb Code   214  stm32f4xx_rcc.o(i.RCC_GetClocksFreq)
    SDA_IN                                   0x0800136d   Thumb Code    42  myiic.o(i.SDA_IN)
    SDA_OUT                                  0x0800139d   Thumb Code    42  myiic.o(i.SDA_OUT)
    SENSOR_Init                              0x080013cd   Thumb Code   674  sensor.o(i.SENSOR_Init)
    SVC_Handler                              0x08001691   Thumb Code     2  stm32f4xx_it.o(i.SVC_Handler)
    SysTick_CLKSourceConfig                  0x08001781   Thumb Code    40  misc.o(i.SysTick_CLKSourceConfig)
    SysTick_Handler                          0x080017a9   Thumb Code     2  stm32f4xx_it.o(i.SysTick_Handler)
    SystemInit                               0x080017ad   Thumb Code    88  system_stm32f4xx.o(i.SystemInit)
    TIM2_IRQHandler                          0x08001815   Thumb Code    96  timer.o(i.TIM2_IRQHandler)
    TIM2_Int_Init                            0x08001889   Thumb Code    82  timer.o(i.TIM2_Int_Init)
    TIM3_PWM_Init                            0x080018dd   Thumb Code   276  pwm.o(i.TIM3_PWM_Init)
    TIM4_PWM_Init                            0x080019f9   Thumb Code   276  pwm.o(i.TIM4_PWM_Init)
    TIM5_IRQHandler                          0x08001b15   Thumb Code    54  timer.o(i.TIM5_IRQHandler)
    TIM5_Int_Init                            0x08001b59   Thumb Code    80  timer.o(i.TIM5_Int_Init)
    TIM_ARRPreloadConfig                     0x08001bad   Thumb Code    24  stm32f4xx_tim.o(i.TIM_ARRPreloadConfig)
    TIM_ClearITPendingBit                    0x08001bc5   Thumb Code     6  stm32f4xx_tim.o(i.TIM_ClearITPendingBit)
    TIM_Cmd                                  0x08001bcb   Thumb Code    24  stm32f4xx_tim.o(i.TIM_Cmd)
    TIM_GetITStatus                          0x08001be3   Thumb Code    34  stm32f4xx_tim.o(i.TIM_GetITStatus)
    TIM_ITConfig                             0x08001c05   Thumb Code    18  stm32f4xx_tim.o(i.TIM_ITConfig)
    TIM_OC1Init                              0x08001c19   Thumb Code   114  stm32f4xx_tim.o(i.TIM_OC1Init)
    TIM_OC1PreloadConfig                     0x08001c95   Thumb Code    18  stm32f4xx_tim.o(i.TIM_OC1PreloadConfig)
    TIM_OC2Init                              0x08001ca9   Thumb Code   154  stm32f4xx_tim.o(i.TIM_OC2Init)
    TIM_OC2PreloadConfig                     0x08001d4d   Thumb Code    26  stm32f4xx_tim.o(i.TIM_OC2PreloadConfig)
    TIM_OC3Init                              0x08001d69   Thumb Code   150  stm32f4xx_tim.o(i.TIM_OC3Init)
    TIM_OC3PreloadConfig                     0x08001e09   Thumb Code    18  stm32f4xx_tim.o(i.TIM_OC3PreloadConfig)
    TIM_OC4Init                              0x08001e1d   Thumb Code   112  stm32f4xx_tim.o(i.TIM_OC4Init)
    TIM_OC4PreloadConfig                     0x08001e95   Thumb Code    26  stm32f4xx_tim.o(i.TIM_OC4PreloadConfig)
    TIM_SetCompare1                          0x08001eaf   Thumb Code     4  stm32f4xx_tim.o(i.TIM_SetCompare1)
    TIM_SetCompare2                          0x08001eb3   Thumb Code     4  stm32f4xx_tim.o(i.TIM_SetCompare2)
    TIM_SetCompare3                          0x08001eb7   Thumb Code     4  stm32f4xx_tim.o(i.TIM_SetCompare3)
    TIM_SetCompare4                          0x08001ebb   Thumb Code     4  stm32f4xx_tim.o(i.TIM_SetCompare4)
    TIM_TimeBaseInit                         0x08001ec1   Thumb Code   104  stm32f4xx_tim.o(i.TIM_TimeBaseInit)
    USART3_IRQHandler                        0x08001f45   Thumb Code     2  usart.o(i.USART3_IRQHandler)
    USART_Cmd                                0x08001f47   Thumb Code    24  stm32f4xx_usart.o(i.USART_Cmd)
    USART_ITConfig                           0x08001f5f   Thumb Code    74  stm32f4xx_usart.o(i.USART_ITConfig)
    USART_Init                               0x08001fa9   Thumb Code   204  stm32f4xx_usart.o(i.USART_Init)
    UsageFault_Handler                       0x0800207d   Thumb Code     4  stm32f4xx_it.o(i.UsageFault_Handler)
    WarriorRobot_init                        0x08002081   Thumb Code   128  init.o(i.WarriorRobot_init)
    _sys_exit                                0x08002105   Thumb Code     4  usart.o(i._sys_exit)
    analog                                   0x08002109   Thumb Code   110  sensor.o(i.analog)
    analog_scan_close                        0x0800217d   Thumb Code    52  ysy.o(i.analog_scan_close)
    back                                     0x080021b1   Thumb Code    36  edge.o(i.back)
    back_S90                                 0x080021d5   Thumb Code    36  edge.o(i.back_S90)
    beep                                     0x080021f9   Thumb Code     8  beep.o(i.beep)
    beep_time                                0x08002201   Thumb Code    14  timer.o(i.beep_time)
    changeFunc                               0x08002219   Thumb Code    60  camera.o(i.changeFunc)
    clear_screen                             0x08002255   Thumb Code    78  lcd.o(i.clear_screen)
    currentFunc                              0x080022a9   Thumb Code    18  camera.o(i.currentFunc)
    delay                                    0x080022bb   Thumb Code    26  lcd.o(i.delay)
    delay_init                               0x080022d5   Thumb Code    52  delay.o(i.delay_init)
    delay_ms                                 0x08002311   Thumb Code    56  delay.o(i.delay_ms)
    delay_us                                 0x08002349   Thumb Code    72  delay.o(i.delay_us)
    delay_xms                                0x08002395   Thumb Code    72  delay.o(i.delay_xms)
    digital                                  0x080023e1   Thumb Code   482  sensor.o(i.digital)
    display_GB2312_string                    0x080025d9   Thumb Code   368  lcd.o(i.display_GB2312_string)
    display_GB2312_u1                        0x08002751   Thumb Code    44  lcd.o(i.display_GB2312_u1)
    display_GB2312_u16                       0x0800277d   Thumb Code   110  lcd.o(i.display_GB2312_u16)
    display_graphic_16x16                    0x080027ed   Thumb Code    88  lcd.o(i.display_graphic_16x16)
    display_graphic_8x16                     0x08002849   Thumb Code    80  lcd.o(i.display_graphic_8x16)
    edge_spin                                0x0800289d   Thumb Code    36  edge.o(i.edge_spin)
    emagnet_off                              0x080028c1   Thumb Code     8  led.o(i.emagnet_off)
    emagnet_on                               0x080028cd   Thumb Code     8  led.o(i.emagnet_on)
    filter                                   0x080028d9   Thumb Code   112  sensor.o(i.filter)
    find_single                              0x08002965   Thumb Code   846  ysy.o(i.find_single)
    forward_stop                             0x08002cb9   Thumb Code    38  edge.o(i.forward_stop)
    get_edge                                 0x08002d41   Thumb Code   140  edge.o(i.get_edge)
    get_n_bytes_data_from_ROM                0x08002ddd   Thumb Code    94  lcd.o(i.get_n_bytes_data_from_ROM)
    init_servos                              0x08002e41   Thumb Code    30  pwm.o(i.init_servos)
    lcd_address                              0x08002e65   Thumb Code    34  lcd.o(i.lcd_address)
    led_off                                  0x08002e89   Thumb Code     8  led.o(i.led_off)
    led_on                                   0x08002e95   Thumb Code     8  led.o(i.led_on)
    main                                     0x08002ea1   Thumb Code   222  main.o(i.main)
    motor                                    0x08002fb5   Thumb Code   198  pwm.o(i.motor)
    mseconds                                 0x08003089   Thumb Code     6  timer.o(i.mseconds)
    readByte                                 0x08003095   Thumb Code    72  camera.o(i.readByte)
    readFromAddr                             0x080030dd   Thumb Code    46  camera.o(i.readFromAddr)
    reset_time                               0x0800310d   Thumb Code    12  timer.o(i.reset_time)
    select_high                              0x08003121   Thumb Code    82  ysy.o(i.select_high)
    send_command_to_ROM                      0x0800317d   Thumb Code    70  lcd.o(i.send_command_to_ROM)
    servos                                   0x080031c9   Thumb Code   106  pwm.o(i.servos)
    setLed                                   0x08003239   Thumb Code    18  camera.o(i.setLed)
    start_feedback                           0x0800324d   Thumb Code    50  ysy.o(i.start_feedback)
    start_time                               0x08003291   Thumb Code    22  timer.o(i.start_time)
    start_time_1                             0x080032b1   Thumb Code    22  timer.o(i.start_time_1)
    tagIdDetected                            0x080032d5   Thumb Code    46  camera.o(i.tagIdDetected)
    test                                     0x0800330d   Thumb Code   328  ysy.o(i.test)
    touch_sensor                             0x080034bd   Thumb Code    48  ysy.o(i.touch_sensor)
    transfer_command_lcd                     0x080034fd   Thumb Code    94  lcd.o(i.transfer_command_lcd)
    transfer_data_lcd                        0x08003561   Thumb Code    94  lcd.o(i.transfer_data_lcd)
    uart_init                                0x080035c5   Thumb Code   272  usart.o(i.uart_init)
    up_stage                                 0x080036e5   Thumb Code   108  ysy.o(i.up_stage)
    updateResult                             0x08003769   Thumb Code   166  camera.o(i.updateResult)
    writeToAddr                              0x08003819   Thumb Code    76  camera.o(i.writeToAddr)
    __aeabi_dadd                             0x08003865   Thumb Code     0  daddsub_clz.o(x$fpl$dadd)
    _dadd                                    0x08003865   Thumb Code   332  daddsub_clz.o(x$fpl$dadd)
    __aeabi_d2uiz                            0x080039b5   Thumb Code     0  dfixu.o(x$fpl$dfixu)
    _dfixu                                   0x080039b5   Thumb Code    90  dfixu.o(x$fpl$dfixu)
    __aeabi_ui2d                             0x08003a0f   Thumb Code     0  dflt_clz.o(x$fpl$dfltu)
    _dfltu                                   0x08003a0f   Thumb Code    38  dflt_clz.o(x$fpl$dfltu)
    __aeabi_dmul                             0x08003a35   Thumb Code     0  dmul.o(x$fpl$dmul)
    _dmul                                    0x08003a35   Thumb Code   332  dmul.o(x$fpl$dmul)
    __fpl_dnaninf                            0x08003b89   Thumb Code   156  dnaninf.o(x$fpl$dnaninf)
    __fpl_dretinf                            0x08003c25   Thumb Code    12  dretinf.o(x$fpl$dretinf)
    __aeabi_dsub                             0x08003c31   Thumb Code     0  daddsub_clz.o(x$fpl$dsub)
    _dsub                                    0x08003c31   Thumb Code   464  daddsub_clz.o(x$fpl$dsub)
    _fp_init                                 0x08003e05   Thumb Code    10  fpinit.o(x$fpl$fpinit)
    __fplib_config_fpu_vfp                   0x08003e0d   Thumb Code     0  fpinit.o(x$fpl$fpinit)
    __fplib_config_pureend_doubles           0x08003e0d   Thumb Code     0  fpinit.o(x$fpl$fpinit)
    __I$use$fp                               0x08003e0e   Number         0  usenofp.o(x$fpl$usenofp)
    Region$$Table$$Base                      0x08003e10   Number         0  anon$$obj.o(Region$$Table)
    Region$$Table$$Limit                     0x08003e30   Number         0  anon$$obj.o(Region$$Table)
    fontaddr                                 0x200005f4   Data           4  lcd.o(.data)
    count_ms_0                               0x200005f8   Data           2  timer.o(.data)
    count_s_0                                0x200005fa   Data           2  timer.o(.data)
    count_ms_1                               0x200005fc   Data           2  timer.o(.data)
    count_s_1                                0x200005fe   Data           2  timer.o(.data)
    beep_label                               0x20000600   Data           1  timer.o(.data)
    beep_ms                                  0x20000602   Data           2  timer.o(.data)
    Ls                                       0x20000604   Data           4  pwm.o(.data)
    Rs                                       0x20000608   Data           4  pwm.o(.data)
    Key                                      0x2000060c   Data           1  main.o(.data)
    Key_Temp                                 0x2000060d   Data           1  main.o(.data)
    temp                                     0x20000610   Data           4  main.o(.data)
    t                                        0x20000614   Data           4  main.o(.data)
    current                                  0x20000618   Data           1  camera.o(.data)
    AD_Value                                 0x20000630   Data          32  sensor.o(.bss)
    After_filter                             0x20000650   Data          32  sensor.o(.bss)
    last_filter                              0x20000670   Data          32  sensor.o(.bss)
    result_summ                              0x20000690   Data         128  camera.o(.bss)
    __libspace_start                         0x20000710   Data          96  libspace.o(.bss)
    __temporary_stack_top$libspace           0x20000770   Data           0  libspace.o(.bss)



==============================================================================

Memory Map of the image

  Image Entry point : 0x08000189

  Load Region LR_IROM1 (Base: 0x08000000, Size: 0x00004460, Max: 0x00080000, ABSOLUTE, COMPRESSED[0x000041b0])

    Execution Region ER_IROM1 (Base: 0x08000000, Size: 0x00003e30, Max: 0x00080000, ABSOLUTE)

    Base Addr    Size         Type   Attr      Idx    E Section Name        Object

    0x08000000   0x00000188   Data   RO         1697    RESET               startup_stm32f40_41xxx.o
    0x08000188   0x00000008   Code   RO         3362  * !!!main             c_w.l(__main.o)
    0x08000190   0x00000034   Code   RO         3541    !!!scatter          c_w.l(__scatter.o)
    0x080001c4   0x0000005a   Code   RO         3539    !!dczerorl2         c_w.l(__dczerorl2.o)
    0x0800021e   0x00000002   PAD
    0x08000220   0x0000001c   Code   RO         3543    !!handler_zi        c_w.l(__scatter_zi.o)
    0x0800023c   0x00000002   Code   RO         3414    .ARM.Collect$$libinit$$00000000  c_w.l(libinit.o)
    0x0800023e   0x00000004   Code   RO         3420    .ARM.Collect$$libinit$$00000001  c_w.l(libinit2.o)
    0x08000242   0x00000000   Code   RO         3423    .ARM.Collect$$libinit$$00000004  c_w.l(libinit2.o)
    0x08000242   0x00000000   Code   RO         3426    .ARM.Collect$$libinit$$0000000A  c_w.l(libinit2.o)
    0x08000242   0x00000000   Code   RO         3428    .ARM.Collect$$libinit$$0000000C  c_w.l(libinit2.o)
    0x08000242   0x00000000   Code   RO         3430    .ARM.Collect$$libinit$$0000000E  c_w.l(libinit2.o)
    0x08000242   0x00000000   Code   RO         3433    .ARM.Collect$$libinit$$00000011  c_w.l(libinit2.o)
    0x08000242   0x00000000   Code   RO         3435    .ARM.Collect$$libinit$$00000013  c_w.l(libinit2.o)
    0x08000242   0x00000000   Code   RO         3437    .ARM.Collect$$libinit$$00000015  c_w.l(libinit2.o)
    0x08000242   0x00000000   Code   RO         3439    .ARM.Collect$$libinit$$00000017  c_w.l(libinit2.o)
    0x08000242   0x00000000   Code   RO         3441    .ARM.Collect$$libinit$$00000019  c_w.l(libinit2.o)
    0x08000242   0x00000000   Code   RO         3443    .ARM.Collect$$libinit$$0000001B  c_w.l(libinit2.o)
    0x08000242   0x00000000   Code   RO         3445    .ARM.Collect$$libinit$$0000001D  c_w.l(libinit2.o)
    0x08000242   0x00000000   Code   RO         3447    .ARM.Collect$$libinit$$0000001F  c_w.l(libinit2.o)
    0x08000242   0x00000000   Code   RO         3449    .ARM.Collect$$libinit$$00000021  c_w.l(libinit2.o)
    0x08000242   0x00000000   Code   RO         3451    .ARM.Collect$$libinit$$00000023  c_w.l(libinit2.o)
    0x08000242   0x00000000   Code   RO         3453    .ARM.Collect$$libinit$$00000025  c_w.l(libinit2.o)
    0x08000242   0x00000000   Code   RO         3457    .ARM.Collect$$libinit$$0000002C  c_w.l(libinit2.o)
    0x08000242   0x00000000   Code   RO         3459    .ARM.Collect$$libinit$$0000002E  c_w.l(libinit2.o)
    0x08000242   0x00000000   Code   RO         3461    .ARM.Collect$$libinit$$00000030  c_w.l(libinit2.o)
    0x08000242   0x00000000   Code   RO         3463    .ARM.Collect$$libinit$$00000032  c_w.l(libinit2.o)
    0x08000242   0x00000002   Code   RO         3464    .ARM.Collect$$libinit$$00000033  c_w.l(libinit2.o)
    0x08000244   0x00000002   Code   RO         3482    .ARM.Collect$$libshutdown$$00000000  c_w.l(libshutdown.o)
    0x08000246   0x00000000   Code   RO         3493    .ARM.Collect$$libshutdown$$00000003  c_w.l(libshutdown2.o)
    0x08000246   0x00000000   Code   RO         3496    .ARM.Collect$$libshutdown$$00000006  c_w.l(libshutdown2.o)
    0x08000246   0x00000000   Code   RO         3499    .ARM.Collect$$libshutdown$$00000009  c_w.l(libshutdown2.o)
    0x08000246   0x00000000   Code   RO         3501    .ARM.Collect$$libshutdown$$0000000B  c_w.l(libshutdown2.o)
    0x08000246   0x00000000   Code   RO         3504    .ARM.Collect$$libshutdown$$0000000E  c_w.l(libshutdown2.o)
    0x08000246   0x00000002   Code   RO         3505    .ARM.Collect$$libshutdown$$0000000F  c_w.l(libshutdown2.o)
    0x08000248   0x00000000   Code   RO         3384    .ARM.Collect$$rtentry$$00000000  c_w.l(__rtentry.o)
    0x08000248   0x00000000   Code   RO         3391    .ARM.Collect$$rtentry$$00000002  c_w.l(__rtentry2.o)
    0x08000248   0x00000006   Code   RO         3403    .ARM.Collect$$rtentry$$00000004  c_w.l(__rtentry4.o)
    0x0800024e   0x00000000   Code   RO         3393    .ARM.Collect$$rtentry$$00000009  c_w.l(__rtentry2.o)
    0x0800024e   0x00000004   Code   RO         3394    .ARM.Collect$$rtentry$$0000000A  c_w.l(__rtentry2.o)
    0x08000252   0x00000000   Code   RO         3396    .ARM.Collect$$rtentry$$0000000C  c_w.l(__rtentry2.o)
    0x08000252   0x00000008   Code   RO         3397    .ARM.Collect$$rtentry$$0000000D  c_w.l(__rtentry2.o)
    0x0800025a   0x00000002   Code   RO         3418    .ARM.Collect$$rtexit$$00000000  c_w.l(rtexit.o)
    0x0800025c   0x00000000   Code   RO         3466    .ARM.Collect$$rtexit$$00000002  c_w.l(rtexit2.o)
    0x0800025c   0x00000004   Code   RO         3467    .ARM.Collect$$rtexit$$00000003  c_w.l(rtexit2.o)
    0x08000260   0x00000006   Code   RO         3468    .ARM.Collect$$rtexit$$00000004  c_w.l(rtexit2.o)
    0x08000266   0x00000002   PAD
    0x08000268   0x00000040   Code   RO         1698    .text               startup_stm32f40_41xxx.o
    0x080002a8   0x00000002   Code   RO         3356    .text               c_w.l(use_no_semi_2.o)
    0x080002aa   0x00000006   Code   RO         3360    .text               c_w.l(heapauxi.o)
    0x080002b0   0x00000002   Code   RO         3382    .text               c_w.l(use_no_semi.o)
    0x080002b2   0x0000004a   Code   RO         3405    .text               c_w.l(sys_stackheap_outer.o)
    0x080002fc   0x0000000c   Code   RO         3407    .text               c_w.l(exit.o)
    0x08000308   0x00000008   Code   RO         3415    .text               c_w.l(libspace.o)
    0x08000310   0x00000016   Code   RO         3120    i.ADC_Cmd           stm32f4xx_adc.o
    0x08000326   0x00000002   PAD
    0x08000328   0x00000030   Code   RO         3121    i.ADC_CommonInit    stm32f4xx_adc.o
    0x08000358   0x00000016   Code   RO         3124    i.ADC_DMACmd        stm32f4xx_adc.o
    0x0800036e   0x00000016   Code   RO         3125    i.ADC_DMARequestAfterLastTransferCmd  stm32f4xx_adc.o
    0x08000384   0x00000016   Code   RO         3126    i.ADC_DeInit        stm32f4xx_adc.o
    0x0800039a   0x00000002   PAD
    0x0800039c   0x00000054   Code   RO         3140    i.ADC_Init          stm32f4xx_adc.o
    0x080003f0   0x000000b8   Code   RO         3145    i.ADC_RegularChannelConfig  stm32f4xx_adc.o
    0x080004a8   0x0000000a   Code   RO         3147    i.ADC_SoftwareStartConv  stm32f4xx_adc.o
    0x080004b2   0x00000002   PAD
    0x080004b4   0x00000354   Code   RO          871    i.AD_Detection      ad_detection.o
    0x08000808   0x00000038   Code   RO          290    i.BEEP_Init         beep.o
    0x08000840   0x00000004   Code   RO            3    i.BusFault_Handler  stm32f4xx_it.o
    0x08000844   0x00000016   Code   RO         2988    i.DMA_Cmd           stm32f4xx_dma.o
    0x0800085a   0x00000002   PAD
    0x0800085c   0x00000158   Code   RO         2989    i.DMA_DeInit        stm32f4xx_dma.o
    0x080009b4   0x00000058   Code   RO         3000    i.DMA_Init          stm32f4xx_dma.o
    0x08000a0c   0x00000002   Code   RO            4    i.DebugMon_Handler  stm32f4xx_it.o
    0x08000a0e   0x00000002   PAD
    0x08000a10   0x00000120   Code   RO          893    i.Find_Taizi        ysy.o
    0x08000b30   0x0000002c   Code   RO          375    i.GBZK_ROMOUTRESET  lcd.o
    0x08000b5c   0x0000002c   Code   RO          376    i.GBZK_ROMOUTSET    lcd.o
    0x08000b88   0x00000090   Code   RO         1749    i.GPIO_Init         stm32f4xx_gpio.o
    0x08000c18   0x00000046   Code   RO         1750    i.GPIO_PinAFConfig  stm32f4xx_gpio.o
    0x08000c5e   0x00000012   Code   RO         1753    i.GPIO_ReadInputDataBit  stm32f4xx_gpio.o
    0x08000c70   0x00000004   Code   RO         1756    i.GPIO_ResetBits    stm32f4xx_gpio.o
    0x08000c74   0x00000004   Code   RO         1757    i.GPIO_SetBits      stm32f4xx_gpio.o
    0x08000c78   0x00000038   Code   RO          689    i.GoodMoto          pwm.o
    0x08000cb0   0x00000004   Code   RO            5    i.HardFault_Handler  stm32f4xx_it.o
    0x08000cb4   0x00000038   Code   RO         1148    i.IIC_Ack           myiic.o
    0x08000cec   0x00000030   Code   RO         1149    i.IIC_Init          myiic.o
    0x08000d1c   0x00000038   Code   RO         1150    i.IIC_NAck          myiic.o
    0x08000d54   0x00000058   Code   RO         1151    i.IIC_Read_Byte     myiic.o
    0x08000dac   0x00000050   Code   RO         1152    i.IIC_Send_Byte     myiic.o
    0x08000dfc   0x00000038   Code   RO         1153    i.IIC_Start         myiic.o
    0x08000e34   0x00000034   Code   RO         1154    i.IIC_Stop          myiic.o
    0x08000e68   0x0000004c   Code   RO         1155    i.IIC_Wait_Ack      myiic.o
    0x08000eb4   0x000000d8   Code   RO          377    i.InitLCD           lcd.o
    0x08000f8c   0x00000090   Code   RO          348    i.KEY_Init          key.o
    0x0800101c   0x0000009c   Code   RO          349    i.KEY_Scan          key.o
    0x080010b8   0x0000006c   Code   RO         1027    i.LED_Init          led.o
    0x08001124   0x00000004   Code   RO            6    i.MemManage_Handler  stm32f4xx_it.o
    0x08001128   0x00000002   Code   RO            7    i.NMI_Handler       stm32f4xx_it.o
    0x0800112a   0x00000002   PAD
    0x0800112c   0x00000078   Code   RO         1704    i.NVIC_Init         misc.o
    0x080011a4   0x00000014   Code   RO         1705    i.NVIC_PriorityGroupConfig  misc.o
    0x080011b8   0x0000002c   Code   RO          378    i.OLED_GPIO_Config  lcd.o
    0x080011e4   0x0000001e   Code   RO          690    i.PWM_Init          pwm.o
    0x08001202   0x00000002   Code   RO            8    i.PendSV_Handler    stm32f4xx_it.o
    0x08001204   0x00000020   Code   RO         1846    i.RCC_AHB1PeriphClockCmd  stm32f4xx_rcc.o
    0x08001224   0x00000020   Code   RO         1855    i.RCC_APB1PeriphClockCmd  stm32f4xx_rcc.o
    0x08001244   0x00000020   Code   RO         1858    i.RCC_APB2PeriphClockCmd  stm32f4xx_rcc.o
    0x08001264   0x00000020   Code   RO         1860    i.RCC_APB2PeriphResetCmd  stm32f4xx_rcc.o
    0x08001284   0x000000e8   Code   RO         1867    i.RCC_GetClocksFreq  stm32f4xx_rcc.o
    0x0800136c   0x00000030   Code   RO         1156    i.SDA_IN            myiic.o
    0x0800139c   0x00000030   Code   RO         1157    i.SDA_OUT           myiic.o
    0x080013cc   0x000002c4   Code   RO          523    i.SENSOR_Init       sensor.o
    0x08001690   0x00000002   Code   RO            9    i.SVC_Handler       stm32f4xx_it.o
    0x08001692   0x00000002   PAD
    0x08001694   0x000000ec   Code   RO          181    i.SetSysClock       system_stm32f4xx.o
    0x08001780   0x00000028   Code   RO         1708    i.SysTick_CLKSourceConfig  misc.o
    0x080017a8   0x00000002   Code   RO           10    i.SysTick_Handler   stm32f4xx_it.o
    0x080017aa   0x00000002   PAD
    0x080017ac   0x00000068   Code   RO          183    i.SystemInit        system_stm32f4xx.o
    0x08001814   0x00000074   Code   RO          564    i.TIM2_IRQHandler   timer.o
    0x08001888   0x00000052   Code   RO          565    i.TIM2_Int_Init     timer.o
    0x080018da   0x00000002   PAD
    0x080018dc   0x0000011c   Code   RO          691    i.TIM3_PWM_Init     pwm.o
    0x080019f8   0x0000011c   Code   RO          692    i.TIM4_PWM_Init     pwm.o
    0x08001b14   0x00000044   Code   RO          566    i.TIM5_IRQHandler   timer.o
    0x08001b58   0x00000054   Code   RO          567    i.TIM5_Int_Init     timer.o
    0x08001bac   0x00000018   Code   RO         2428    i.TIM_ARRPreloadConfig  stm32f4xx_tim.o
    0x08001bc4   0x00000006   Code   RO         2435    i.TIM_ClearITPendingBit  stm32f4xx_tim.o
    0x08001bca   0x00000018   Code   RO         2440    i.TIM_Cmd           stm32f4xx_tim.o
    0x08001be2   0x00000022   Code   RO         2461    i.TIM_GetITStatus   stm32f4xx_tim.o
    0x08001c04   0x00000012   Code   RO         2465    i.TIM_ITConfig      stm32f4xx_tim.o
    0x08001c16   0x00000002   PAD
    0x08001c18   0x0000007c   Code   RO         2469    i.TIM_OC1Init       stm32f4xx_tim.o
    0x08001c94   0x00000012   Code   RO         2472    i.TIM_OC1PreloadConfig  stm32f4xx_tim.o
    0x08001ca6   0x00000002   PAD
    0x08001ca8   0x000000a4   Code   RO         2474    i.TIM_OC2Init       stm32f4xx_tim.o
    0x08001d4c   0x0000001a   Code   RO         2477    i.TIM_OC2PreloadConfig  stm32f4xx_tim.o
    0x08001d66   0x00000002   PAD
    0x08001d68   0x000000a0   Code   RO         2479    i.TIM_OC3Init       stm32f4xx_tim.o
    0x08001e08   0x00000012   Code   RO         2482    i.TIM_OC3PreloadConfig  stm32f4xx_tim.o
    0x08001e1a   0x00000002   PAD
    0x08001e1c   0x00000078   Code   RO         2484    i.TIM_OC4Init       stm32f4xx_tim.o
    0x08001e94   0x0000001a   Code   RO         2486    i.TIM_OC4PreloadConfig  stm32f4xx_tim.o
    0x08001eae   0x00000004   Code   RO         2502    i.TIM_SetCompare1   stm32f4xx_tim.o
    0x08001eb2   0x00000004   Code   RO         2503    i.TIM_SetCompare2   stm32f4xx_tim.o
    0x08001eb6   0x00000004   Code   RO         2504    i.TIM_SetCompare3   stm32f4xx_tim.o
    0x08001eba   0x00000004   Code   RO         2505    i.TIM_SetCompare4   stm32f4xx_tim.o
    0x08001ebe   0x00000002   PAD
    0x08001ec0   0x00000084   Code   RO         2512    i.TIM_TimeBaseInit  stm32f4xx_tim.o
    0x08001f44   0x00000002   Code   RO         1631    i.USART3_IRQHandler  usart.o
    0x08001f46   0x00000018   Code   RO         2240    i.USART_Cmd         stm32f4xx_usart.o
    0x08001f5e   0x0000004a   Code   RO         2246    i.USART_ITConfig    stm32f4xx_usart.o
    0x08001fa8   0x000000d4   Code   RO         2247    i.USART_Init        stm32f4xx_usart.o
    0x0800207c   0x00000004   Code   RO           11    i.UsageFault_Handler  stm32f4xx_it.o
    0x08002080   0x00000084   Code   RO          218    i.WarriorRobot_init  init.o
    0x08002104   0x00000004   Code   RO         1634    i._sys_exit         usart.o
    0x08002108   0x00000074   Code   RO          524    i.analog            sensor.o
    0x0800217c   0x00000034   Code   RO          895    i.analog_scan_close  ysy.o
    0x080021b0   0x00000024   Code   RO          977    i.back              edge.o
    0x080021d4   0x00000024   Code   RO          979    i.back_S90          edge.o
    0x080021f8   0x00000008   Code   RO          291    i.beep              beep.o
    0x08002200   0x00000018   Code   RO          569    i.beep_time         timer.o
    0x08002218   0x0000003c   Code   RO         1262    i.changeFunc        camera.o
    0x08002254   0x00000054   Code   RO          379    i.clear_screen      lcd.o
    0x080022a8   0x00000012   Code   RO         1268    i.currentFunc       camera.o
    0x080022ba   0x0000001a   Code   RO          380    i.delay             lcd.o
    0x080022d4   0x0000003c   Code   RO         1572    i.delay_init        delay.o
    0x08002310   0x00000038   Code   RO         1573    i.delay_ms          delay.o
    0x08002348   0x0000004c   Code   RO         1574    i.delay_us          delay.o
    0x08002394   0x0000004c   Code   RO         1575    i.delay_xms         delay.o
    0x080023e0   0x000001f8   Code   RO          525    i.digital           sensor.o
    0x080025d8   0x00000178   Code   RO          382    i.display_GB2312_string  lcd.o
    0x08002750   0x0000002c   Code   RO          383    i.display_GB2312_u1  lcd.o
    0x0800277c   0x0000006e   Code   RO          384    i.display_GB2312_u16  lcd.o
    0x080027ea   0x00000002   PAD
    0x080027ec   0x0000005c   Code   RO          385    i.display_graphic_16x16  lcd.o
    0x08002848   0x00000054   Code   RO          387    i.display_graphic_8x16  lcd.o
    0x0800289c   0x00000024   Code   RO          980    i.edge_spin         edge.o
    0x080028c0   0x0000000c   Code   RO         1028    i.emagnet_off       led.o
    0x080028cc   0x0000000c   Code   RO         1029    i.emagnet_on        led.o
    0x080028d8   0x0000008c   Code   RO          526    i.filter            sensor.o
    0x08002964   0x00000354   Code   RO          897    i.find_single       ysy.o
    0x08002cb8   0x00000026   Code   RO          981    i.forward_stop      edge.o
    0x08002cde   0x00000002   PAD
    0x08002ce0   0x00000060   Code   RO          389    i.get_data_from_ROM  lcd.o
    0x08002d40   0x0000009c   Code   RO          982    i.get_edge          edge.o
    0x08002ddc   0x00000064   Code   RO          390    i.get_n_bytes_data_from_ROM  lcd.o
    0x08002e40   0x00000024   Code   RO          694    i.init_servos       pwm.o
    0x08002e64   0x00000022   Code   RO          391    i.lcd_address       lcd.o
    0x08002e86   0x00000002   PAD
    0x08002e88   0x0000000c   Code   RO         1030    i.led_off           led.o
    0x08002e94   0x0000000c   Code   RO         1031    i.led_on            led.o
    0x08002ea0   0x00000114   Code   RO          803    i.main              main.o
    0x08002fb4   0x000000d4   Code   RO          695    i.motor             pwm.o
    0x08003088   0x0000000c   Code   RO          572    i.mseconds          timer.o
    0x08003094   0x00000048   Code   RO         1292    i.readByte          camera.o
    0x080030dc   0x0000002e   Code   RO         1293    i.readFromAddr      camera.o
    0x0800310a   0x00000002   PAD
    0x0800310c   0x00000014   Code   RO          574    i.reset_time        timer.o
    0x08003120   0x0000005c   Code   RO          898    i.select_high       ysy.o
    0x0800317c   0x0000004c   Code   RO          392    i.send_command_to_ROM  lcd.o
    0x080031c8   0x00000070   Code   RO          697    i.servos            pwm.o
    0x08003238   0x00000012   Code   RO         1294    i.setLed            camera.o
    0x0800324a   0x00000002   PAD
    0x0800324c   0x00000044   Code   RO          900    i.start_feedback    ysy.o
    0x08003290   0x00000020   Code   RO          578    i.start_time        timer.o
    0x080032b0   0x00000024   Code   RO          579    i.start_time_1      timer.o
    0x080032d4   0x00000038   Code   RO         1296    i.tagIdDetected     camera.o
    0x0800330c   0x000001b0   Code   RO          901    i.test              ysy.o
    0x080034bc   0x00000040   Code   RO          902    i.touch_sensor      ysy.o
    0x080034fc   0x00000064   Code   RO          393    i.transfer_command_lcd  lcd.o
    0x08003560   0x00000064   Code   RO          394    i.transfer_data_lcd  lcd.o
    0x080035c4   0x00000120   Code   RO         1636    i.uart_init         usart.o
    0x080036e4   0x00000084   Code   RO          903    i.up_stage          ysy.o
    0x08003768   0x000000b0   Code   RO         1297    i.updateResult      camera.o
    0x08003818   0x0000004c   Code   RO         1299    i.writeToAddr       camera.o
    0x08003864   0x00000150   Code   RO         3364    x$fpl$dadd          fz_wm.l(daddsub_clz.o)
    0x080039b4   0x0000005a   Code   RO         3370    x$fpl$dfixu         fz_wm.l(dfixu.o)
    0x08003a0e   0x00000026   Code   RO         3374    x$fpl$dfltu         fz_wm.l(dflt_clz.o)
    0x08003a34   0x00000154   Code   RO         3380    x$fpl$dmul          fz_wm.l(dmul.o)
    0x08003b88   0x0000009c   Code   RO         3385    x$fpl$dnaninf       fz_wm.l(dnaninf.o)
    0x08003c24   0x0000000c   Code   RO         3387    x$fpl$dretinf       fz_wm.l(dretinf.o)
    0x08003c30   0x000001d4   Code   RO         3366    x$fpl$dsub          fz_wm.l(daddsub_clz.o)
    0x08003e04   0x0000000a   Code   RO         3474    x$fpl$fpinit        fz_wm.l(fpinit.o)
    0x08003e0e   0x00000000   Code   RO         3389    x$fpl$usenofp       fz_wm.l(usenofp.o)
    0x08003e0e   0x00000002   PAD
    0x08003e10   0x00000020   Data   RO         3537    Region$$Table       anon$$obj.o


    Execution Region RW_IRAM1 (Base: 0x20000000, Size: 0x00000d70, Max: 0x00020000, ABSOLUTE, COMPRESSED[0x00000380])

    Base Addr    Size         Type   Attr      Idx    E Section Name        Object

    0x20000000   0x00000001   Data   RW          350    .data               key.o
    0x20000001   0x00000003   PAD
    0x20000004   0x000005f4   Data   RW          396    .data               lcd.o
    0x200005f8   0x0000000c   Data   RW          582    .data               timer.o
    0x20000604   0x00000008   Data   RW          699    .data               pwm.o
    0x2000060c   0x0000000c   Data   RW          806    .data               main.o
    0x20000618   0x00000001   Data   RW         1301    .data               camera.o
    0x20000619   0x00000001   PAD
    0x2000061a   0x00000004   Data   RW         1576    .data               delay.o
    0x2000061e   0x00000010   Data   RW         1899    .data               stm32f4xx_rcc.o
    0x2000062e   0x00000002   PAD
    0x20000630   0x00000060   Zero   RW          527    .bss                sensor.o
    0x20000690   0x00000080   Zero   RW         1300    .bss                camera.o
    0x20000710   0x00000060   Zero   RW         3416    .bss                c_w.l(libspace.o)
    0x20000770   0x00000200   Zero   RW         1696    HEAP                startup_stm32f40_41xxx.o
    0x20000970   0x00000400   Zero   RW         1695    STACK               startup_stm32f40_41xxx.o


==============================================================================

Image component sizes


      Code (inc. data)   RO Data    RW Data    ZI Data      Debug   Object Name

       852        114          0          0          0        943   ad_detection.o
        64          4          0          0          0     244395   beep.o
       522         30          0          1        128       8317   camera.o
       268         16          0          4          0       2863   delay.o
       302         16          0          0          0       2852   edge.o
       132          4          0          0          0        612   init.o
       300         38          0          1          0       1446   key.o
      1670         68          0       1524          0      13551   lcd.o
       156         24          0          0          0       2765   led.o
       276         54          0         12          0       1525   main.o
       180         24          0          0          0       2377   misc.o
       608         76          0          0          0       6293   myiic.o
      1014         50          0          8          0       5425   pwm.o
      1468        132          0          0         96       4382   sensor.o
        64         26        392          0       1536        888   startup_stm32f40_41xxx.o
       414         24          0          0          0       6648   stm32f4xx_adc.o
       454         26          0          0          0       3378   stm32f4xx_dma.o
       240          0          0          0          0       3943   stm32f4xx_gpio.o
        26          0          0          0          0     297698   stm32f4xx_it.o
       360         42          0         16          0       5732   stm32f4xx_rcc.o
       910         66          0          0          0      13193   stm32f4xx_tim.o
       310          8          0          0          0       3182   stm32f4xx_usart.o
       340         32          0          0          0       1701   system_stm32f4xx.o
       474         86          0         12          0       6035   timer.o
       294         16          0          0          0       2056   usart.o
      1980        196          0          0          0       5891   ysy.o

    ----------------------------------------------------------------------
     13716       1172        424       1584       1760     648091   Object Totals
         0          0         32          0          0          0   (incl. Generated)
        38          0          0          6          0          0   (incl. Padding)

    ----------------------------------------------------------------------

      Code (inc. data)   RO Data    RW Data    ZI Data      Debug   Library Member Name

        90          0          0          0          0          0   __dczerorl2.o
         8          0          0          0          0         68   __main.o
         0          0          0          0          0          0   __rtentry.o
        12          0          0          0          0          0   __rtentry2.o
         6          0          0          0          0          0   __rtentry4.o
        52          8          0          0          0          0   __scatter.o
        28          0          0          0          0          0   __scatter_zi.o
        12          0          0          0          0         72   exit.o
         6          0          0          0          0        152   heapauxi.o
         2          0          0          0          0          0   libinit.o
         6          0          0          0          0          0   libinit2.o
         2          0          0          0          0          0   libshutdown.o
         2          0          0          0          0          0   libshutdown2.o
         8          4          0          0         96         68   libspace.o
         2          0          0          0          0          0   rtexit.o
        10          0          0          0          0          0   rtexit2.o
        74          0          0          0          0         80   sys_stackheap_outer.o
         2          0          0          0          0         68   use_no_semi.o
         2          0          0          0          0         68   use_no_semi_2.o
       804         16          0          0          0        368   daddsub_clz.o
        90          4          0          0          0        140   dfixu.o
        38          0          0          0          0        116   dflt_clz.o
       340         12          0          0          0        152   dmul.o
       156          4          0          0          0        140   dnaninf.o
        12          0          0          0          0        116   dretinf.o
        10          0          0          0          0        116   fpinit.o
         0          0          0          0          0          0   usenofp.o

    ----------------------------------------------------------------------
      1780         48          0          0         96       1724   Library Totals
         6          0          0          0          0          0   (incl. Padding)

    ----------------------------------------------------------------------

      Code (inc. data)   RO Data    RW Data    ZI Data      Debug   Library Name

       324         12          0          0         96        576   c_w.l
      1450         36          0          0          0       1148   fz_wm.l

    ----------------------------------------------------------------------
      1780         48          0          0         96       1724   Library Totals

    ----------------------------------------------------------------------

==============================================================================


      Code (inc. data)   RO Data    RW Data    ZI Data      Debug   

     15496       1220        424       1584       1856     635259   Grand Totals
     15496       1220        424        896       1856     635259   ELF Image Totals (compressed)
     15496       1220        424        896          0          0   ROM Totals

==============================================================================

    Total RO  Size (Code + RO Data)                15920 (  15.55kB)
    Total RW  Size (RW Data + ZI Data)              3440 (   3.36kB)
    Total ROM Size (Code + RO Data + RW Data)      16816 (  16.42kB)

==============================================================================

