<html>
<body>
<pre>
<h1>礦ision Build Log</h1>
<h2>Tool Versions:</h2>
IDE-Version: μVision V5.15
Copyright (C) 2015 ARM Ltd and ARM Germany GmbH. All rights reserved.
License Information:  ,  , LIC=DSNRA-1TNPA-C1PPU-SJTP4-PN10X-XPAUV
 
Tool Versions:
Toolchain:       MDK-ARM Professional  Version: 5.15.0
Toolchain Path:  D:\Keil_v5\ARM\ARMCC\Bin
C Compiler:      Armcc.exe V5.05 update 2 (build 169)
Assembler:       Armasm.exe V5.05 update 2 (build 169)
Linker/Locator:  ArmLink.exe V5.05 update 2 (build 169)
Library Manager: ArmAr.exe V5.05 update 2 (build 169)
Hex Converter:   FromElf.exe V5.05 update 2 (build 169)
CPU DLL:         SARMCM3.DLL V5.15.0
Dialog DLL:      DARMSTM.dll V1.65.0.0
Target DLL:      STLink\ST-LINKIII-KEIL_SWO.dll V2.0.15.0_KEIL
Dialog DLL:      DARMSTM.dll V1.65.0.0
 
<h2>Project:</h2>
C:\Users\10935\Desktop\擂台机器人+摄像头识别标签码&敌人--成功\擂台机器人+摄像头识别标签码&敌人\USER\USART.uvprojx
Project File Date:  07/22/2022

<h2>Output:</h2>
*** Using Compiler 'V5.05 update 2 (build 169)', folder: 'D:\Keil_v5\ARM\ARMCC\Bin'
Rebuild target 'USART'
compiling stm32f4xx_it.c...
compiling system_stm32f4xx.c...
compiling init.c...
compiling beep.c...
compiling key.c...
compiling lcd.c...
compiling sensor.c...
compiling timer.c...
compiling pwm.c...
compiling servor_bc.c...
compiling main.c...
compiling RobotInit.c...
compiling AD_Detection.c...
compiling ysy.c...
ysy.c(190): warning:  #111-D: statement is unreachable
                                
learScreen();
ysy.c: 1 warning, 0 errors
compiling edge.c...
compiling led.c...
compiling 24cxx.c...
compiling myiic.c...
compiling compass_nst.c...
compiling Camera.c...
..\HARDWARE\Camera\Camera.c(86): warning:  #167-D: argument of type "char *" is incompatible with parameter of type "uint8_t *"
    readFromAddr(0x0000, str, 16);
..\HARDWARE\Camera\Camera.c(92): warning:  #167-D: argument of type "char *" is incompatible with parameter of type "uint8_t *"
    readFromAddr(0x0035, &buf, 1);
..\HARDWARE\Camera\Camera.c(269): warning:  #940-D: missing return statement at end of non-void function "objDetected"
  }
..\HARDWARE\Camera\Camera.c(499): warning:  #940-D: missing return statement at end of non-void function "colorId"
  }
..\HARDWARE\Camera\Camera.c(553): warning:  #940-D: missing return statement at end of non-void function "lineId"
  }
..\HARDWARE\Camera\Camera.c: 5 warnings, 0 errors
compiling delay.c...
compiling sys.c...
compiling usart.c...
assembling startup_stm32f40_41xxx.s...
compiling misc.c...
compiling stm32f4xx_gpio.c...
compiling stm32f4xx_rcc.c...
compiling stm32f4xx_syscfg.c...
compiling stm32f4xx_usart.c...
compiling stm32f4xx_tim.c...
compiling stm32f4xx_dma.c...
compiling stm32f4xx_adc.c...
linking...
Program Size: Code=15496 RO-data=424 RW-data=1584 ZI-data=1856  
FromELF: creating hex file...
"..\OBJ\The Warriors V1.0" - 0 Error(s), 6 Warning(s).

<h2>Collection of Component include folders:</h2>
  C:\Users\10935\Desktop\擂台机器人+摄像头识别标签码&敌人--成功\擂台机器人+摄像头识别标签码&敌人\USER\RTE
  D:\Keil_v5\ARM\PACK\Keil\STM32F4xx_DFP\2.16.0\Drivers\CMSIS\Device\ST\STM32F4xx\Include

<h2>Collection of Component Files used:</h2>
</pre>
</body>
</html>
